Archive member included to satisfy reference by file (symbol)

C:/ST/STM32CubeCLT_1.18.0/GNU-tools-for-STM32/bin/../lib/gcc/arm-none-eabi/13.3.1/thumb/v7e-m+fp/hard\libgcc.a(_aeabi_uldivmod.o)
                              cmake/stm32cubemx/CMakeFiles/STM32_Drivers.dir/__/__/Drivers/STM32L4xx_HAL_Driver/Src/stm32l4xx_hal_uart.c.obj (__aeabi_uldivmod)
C:/ST/STM32CubeCLT_1.18.0/GNU-tools-for-STM32/bin/../lib/gcc/arm-none-eabi/13.3.1/thumb/v7e-m+fp/hard\libgcc.a(_udivmoddi4.o)
                              C:/ST/STM32CubeCLT_1.18.0/GNU-tools-for-STM32/bin/../lib/gcc/arm-none-eabi/13.3.1/thumb/v7e-m+fp/hard\libgcc.a(_aeabi_uldivmod.o) (__udivmoddi4)
C:/ST/STM32CubeCLT_1.18.0/GNU-tools-for-STM32/bin/../lib/gcc/arm-none-eabi/13.3.1/thumb/v7e-m+fp/hard\libgcc.a(_dvmd_tls.o)
                              C:/ST/STM32CubeCLT_1.18.0/GNU-tools-for-STM32/bin/../lib/gcc/arm-none-eabi/13.3.1/thumb/v7e-m+fp/hard\libgcc.a(_aeabi_uldivmod.o) (__aeabi_ldiv0)
C:/ST/STM32CubeCLT_1.18.0/GNU-tools-for-STM32/bin/../lib/gcc/arm-none-eabi/13.3.1/../../../../arm-none-eabi/lib/thumb/v7e-m+fp/hard\libg_nano.a(libc_a-exit.o)
                              C:/ST/STM32CubeCLT_1.18.0/GNU-tools-for-STM32/bin/../lib/gcc/arm-none-eabi/13.3.1/../../../../arm-none-eabi/lib/thumb/v7e-m+fp/hard/crt0.o (exit)
C:/ST/STM32CubeCLT_1.18.0/GNU-tools-for-STM32/bin/../lib/gcc/arm-none-eabi/13.3.1/../../../../arm-none-eabi/lib/thumb/v7e-m+fp/hard\libg_nano.a(libc_a-findfp.o)
                              C:/ST/STM32CubeCLT_1.18.0/GNU-tools-for-STM32/bin/../lib/gcc/arm-none-eabi/13.3.1/../../../../arm-none-eabi/lib/thumb/v7e-m+fp/hard\libg_nano.a(libc_a-exit.o) (__stdio_exit_handler)
C:/ST/STM32CubeCLT_1.18.0/GNU-tools-for-STM32/bin/../lib/gcc/arm-none-eabi/13.3.1/../../../../arm-none-eabi/lib/thumb/v7e-m+fp/hard\libg_nano.a(libc_a-fwalk.o)
                              C:/ST/STM32CubeCLT_1.18.0/GNU-tools-for-STM32/bin/../lib/gcc/arm-none-eabi/13.3.1/../../../../arm-none-eabi/lib/thumb/v7e-m+fp/hard\libg_nano.a(libc_a-findfp.o) (_fwalk_sglue)
C:/ST/STM32CubeCLT_1.18.0/GNU-tools-for-STM32/bin/../lib/gcc/arm-none-eabi/13.3.1/../../../../arm-none-eabi/lib/thumb/v7e-m+fp/hard\libg_nano.a(libc_a-stdio.o)
                              C:/ST/STM32CubeCLT_1.18.0/GNU-tools-for-STM32/bin/../lib/gcc/arm-none-eabi/13.3.1/../../../../arm-none-eabi/lib/thumb/v7e-m+fp/hard\libg_nano.a(libc_a-findfp.o) (__sread)
C:/ST/STM32CubeCLT_1.18.0/GNU-tools-for-STM32/bin/../lib/gcc/arm-none-eabi/13.3.1/../../../../arm-none-eabi/lib/thumb/v7e-m+fp/hard\libg_nano.a(libc_a-memset.o)
                              C:/ST/STM32CubeCLT_1.18.0/GNU-tools-for-STM32/bin/../lib/gcc/arm-none-eabi/13.3.1/../../../../arm-none-eabi/lib/thumb/v7e-m+fp/hard/crt0.o (memset)
C:/ST/STM32CubeCLT_1.18.0/GNU-tools-for-STM32/bin/../lib/gcc/arm-none-eabi/13.3.1/../../../../arm-none-eabi/lib/thumb/v7e-m+fp/hard\libg_nano.a(libc_a-closer.o)
                              C:/ST/STM32CubeCLT_1.18.0/GNU-tools-for-STM32/bin/../lib/gcc/arm-none-eabi/13.3.1/../../../../arm-none-eabi/lib/thumb/v7e-m+fp/hard\libg_nano.a(libc_a-stdio.o) (_close_r)
C:/ST/STM32CubeCLT_1.18.0/GNU-tools-for-STM32/bin/../lib/gcc/arm-none-eabi/13.3.1/../../../../arm-none-eabi/lib/thumb/v7e-m+fp/hard\libg_nano.a(libc_a-reent.o)
                              C:/ST/STM32CubeCLT_1.18.0/GNU-tools-for-STM32/bin/../lib/gcc/arm-none-eabi/13.3.1/../../../../arm-none-eabi/lib/thumb/v7e-m+fp/hard\libg_nano.a(libc_a-closer.o) (errno)
C:/ST/STM32CubeCLT_1.18.0/GNU-tools-for-STM32/bin/../lib/gcc/arm-none-eabi/13.3.1/../../../../arm-none-eabi/lib/thumb/v7e-m+fp/hard\libg_nano.a(libc_a-impure.o)
                              C:/ST/STM32CubeCLT_1.18.0/GNU-tools-for-STM32/bin/../lib/gcc/arm-none-eabi/13.3.1/../../../../arm-none-eabi/lib/thumb/v7e-m+fp/hard\libg_nano.a(libc_a-reent.o) (_impure_ptr)
C:/ST/STM32CubeCLT_1.18.0/GNU-tools-for-STM32/bin/../lib/gcc/arm-none-eabi/13.3.1/../../../../arm-none-eabi/lib/thumb/v7e-m+fp/hard\libg_nano.a(libc_a-lseekr.o)
                              C:/ST/STM32CubeCLT_1.18.0/GNU-tools-for-STM32/bin/../lib/gcc/arm-none-eabi/13.3.1/../../../../arm-none-eabi/lib/thumb/v7e-m+fp/hard\libg_nano.a(libc_a-stdio.o) (_lseek_r)
C:/ST/STM32CubeCLT_1.18.0/GNU-tools-for-STM32/bin/../lib/gcc/arm-none-eabi/13.3.1/../../../../arm-none-eabi/lib/thumb/v7e-m+fp/hard\libg_nano.a(libc_a-readr.o)
                              C:/ST/STM32CubeCLT_1.18.0/GNU-tools-for-STM32/bin/../lib/gcc/arm-none-eabi/13.3.1/../../../../arm-none-eabi/lib/thumb/v7e-m+fp/hard\libg_nano.a(libc_a-stdio.o) (_read_r)
C:/ST/STM32CubeCLT_1.18.0/GNU-tools-for-STM32/bin/../lib/gcc/arm-none-eabi/13.3.1/../../../../arm-none-eabi/lib/thumb/v7e-m+fp/hard\libg_nano.a(libc_a-writer.o)
                              C:/ST/STM32CubeCLT_1.18.0/GNU-tools-for-STM32/bin/../lib/gcc/arm-none-eabi/13.3.1/../../../../arm-none-eabi/lib/thumb/v7e-m+fp/hard\libg_nano.a(libc_a-stdio.o) (_write_r)
[...]
Memory Configuration

Name             Origin             Length             Attributes
RAM              0x20000000         0x00018000         xrw
RAM2             0x10000000         0x00008000         xrw
FLASH            0x08000000         0x00100000         xr
*default*        0x00000000         0xffffffff

Linker script and memory map

LOAD C:/ST/STM32CubeCLT_1.18.0/GNU-tools-for-STM32/bin/../lib/gcc/arm-none-eabi/13.3.1/thumb/v7e-m+fp/hard/crti.o
LOAD C:/ST/STM32CubeCLT_1.18.0/GNU-tools-for-STM32/bin/../lib/gcc/arm-none-eabi/13.3.1/thumb/v7e-m+fp/hard/crtbegin.o
LOAD C:/ST/STM32CubeCLT_1.18.0/GNU-tools-for-STM32/bin/../lib/gcc/arm-none-eabi/13.3.1/../../../../arm-none-eabi/lib/thumb/v7e-m+fp/hard/crt0.o
LOAD cmake/stm32cubemx/CMakeFiles/STM32_Drivers.dir/__/__/Core/Src/system_stm32l4xx.c.obj
LOAD cmake/stm32cubemx/CMakeFiles/STM32_Drivers.dir/__/__/Drivers/STM32L4xx_HAL_Driver/Src/stm32l4xx_hal_tim.c.obj
LOAD cmake/stm32cubemx/CMakeFiles/STM32_Drivers.dir/__/__/Drivers/STM32L4xx_HAL_Driver/Src/stm32l4xx_hal_tim_ex.c.obj
LOAD cmake/stm32cubemx/CMakeFiles/STM32_Drivers.dir/__/__/Drivers/STM32L4xx_HAL_Driver/Src/stm32l4xx_hal.c.obj
LOAD cmake/stm32cubemx/CMakeFiles/STM32_Drivers.dir/__/__/Drivers/STM32L4xx_HAL_Driver/Src/stm32l4xx_hal_rcc.c.obj
LOAD cmake/stm32cubemx/CMakeFiles/STM32_Drivers.dir/__/__/Drivers/STM32L4xx_HAL_Driver/Src/stm32l4xx_hal_rcc_ex.c.obj
LOAD cmake/stm32cubemx/CMakeFiles/STM32_Drivers.dir/__/__/Drivers/STM32L4xx_HAL_Driver/Src/stm32l4xx_hal_flash.c.obj
LOAD cmake/stm32cubemx/CMakeFiles/STM32_Drivers.dir/__/__/Drivers/STM32L4xx_HAL_Driver/Src/stm32l4xx_hal_flash_ex.c.obj
LOAD cmake/stm32cubemx/CMakeFiles/STM32_Drivers.dir/__/__/Drivers/STM32L4xx_HAL_Driver/Src/stm32l4xx_hal_flash_ramfunc.c.obj
LOAD cmake/stm32cubemx/CMakeFiles/STM32_Drivers.dir/__/__/Drivers/STM32L4xx_HAL_Driver/Src/stm32l4xx_hal_gpio.c.obj
LOAD cmake/stm32cubemx/CMakeFiles/STM32_Drivers.dir/__/__/Drivers/STM32L4xx_HAL_Driver/Src/stm32l4xx_hal_i2c.c.obj
LOAD cmake/stm32cubemx/CMakeFiles/STM32_Drivers.dir/__/__/Drivers/STM32L4xx_HAL_Driver/Src/stm32l4xx_hal_i2c_ex.c.obj
LOAD cmake/stm32cubemx/CMakeFiles/STM32_Drivers.dir/__/__/Drivers/STM32L4xx_HAL_Driver/Src/stm32l4xx_hal_dma.c.obj
LOAD cmake/stm32cubemx/CMakeFiles/STM32_Drivers.dir/__/__/Drivers/STM32L4xx_HAL_Driver/Src/stm32l4xx_hal_dma_ex.c.obj
LOAD cmake/stm32cubemx/CMakeFiles/STM32_Drivers.dir/__/__/Drivers/STM32L4xx_HAL_Driver/Src/stm32l4xx_hal_pwr.c.obj
LOAD cmake/stm32cubemx/CMakeFiles/STM32_Drivers.dir/__/__/Drivers/STM32L4xx_HAL_Driver/Src/stm32l4xx_hal_pwr_ex.c.obj
LOAD cmake/stm32cubemx/CMakeFiles/STM32_Drivers.dir/__/__/Drivers/STM32L4xx_HAL_Driver/Src/stm32l4xx_hal_cortex.c.obj
LOAD cmake/stm32cubemx/CMakeFiles/STM32_Drivers.dir/__/__/Drivers/STM32L4xx_HAL_Driver/Src/stm32l4xx_hal_exti.c.obj
LOAD cmake/stm32cubemx/CMakeFiles/STM32_Drivers.dir/__/__/Drivers/STM32L4xx_HAL_Driver/Src/stm32l4xx_hal_uart.c.obj
LOAD cmake/stm32cubemx/CMakeFiles/STM32_Drivers.dir/__/__/Drivers/STM32L4xx_HAL_Driver/Src/stm32l4xx_hal_uart_ex.c.obj
LOAD cmake/stm32cubemx/CMakeFiles/FreeRTOS.dir/__/__/Middlewares/Third_Party/FreeRTOS/Source/croutine.c.obj
LOAD cmake/stm32cubemx/CMakeFiles/FreeRTOS.dir/__/__/Middlewares/Third_Party/FreeRTOS/Source/event_groups.c.obj
LOAD cmake/stm32cubemx/CMakeFiles/FreeRTOS.dir/__/__/Middlewares/Third_Party/FreeRTOS/Source/list.c.obj
LOAD cmake/stm32cubemx/CMakeFiles/FreeRTOS.dir/__/__/Middlewares/Third_Party/FreeRTOS/Source/queue.c.obj
LOAD cmake/stm32cubemx/CMakeFiles/FreeRTOS.dir/__/__/Middlewares/Third_Party/FreeRTOS/Source/stream_buffer.c.obj
LOAD cmake/stm32cubemx/CMakeFiles/FreeRTOS.dir/__/__/Middlewares/Third_Party/FreeRTOS/Source/tasks.c.obj
LOAD cmake/stm32cubemx/CMakeFiles/FreeRTOS.dir/__/__/Middlewares/Third_Party/FreeRTOS/Source/timers.c.obj
LOAD cmake/stm32cubemx/CMakeFiles/FreeRTOS.dir/__/__/Middlewares/Third_Party/FreeRTOS/Source/CMSIS_RTOS_V2/cmsis_os2.c.obj
LOAD cmake/stm32cubemx/CMakeFiles/FreeRTOS.dir/__/__/Middlewares/Third_Party/FreeRTOS/Source/portable/MemMang/heap_4.c.obj
LOAD cmake/stm32cubemx/CMakeFiles/FreeRTOS.dir/__/__/Middlewares/Third_Party/FreeRTOS/Source/portable/GCC/ARM_CM4F/port.c.obj
LOAD CMakeFiles/blinky.dir/Core/Src/main.cpp.obj
LOAD CMakeFiles/blinky.dir/Core/Src/freertos.c.obj
LOAD CMakeFiles/blinky.dir/Core/Src/stm32l4xx_it.c.obj
LOAD CMakeFiles/blinky.dir/Core/Src/stm32l4xx_hal_msp.c.obj
LOAD CMakeFiles/blinky.dir/Core/Src/stm32l4xx_hal_timebase_tim.c.obj
LOAD CMakeFiles/blinky.dir/Core/Src/sysmem.c.obj
LOAD CMakeFiles/blinky.dir/Core/Src/syscalls.c.obj
LOAD CMakeFiles/blinky.dir/startup_stm32l476xx.s.obj
LOAD C:/ST/STM32CubeCLT_1.18.0/GNU-tools-for-STM32/bin/../lib/gcc/arm-none-eabi/13.3.1/../../../../arm-none-eabi/lib/thumb/v7e-m+fp/hard\libstdc++_nano.a
LOAD C:/ST/STM32CubeCLT_1.18.0/GNU-tools-for-STM32/bin/../lib/gcc/arm-none-eabi/13.3.1/../../../../arm-none-eabi/lib/thumb/v7e-m+fp/hard\libm.a
START GROUP
LOAD C:/ST/STM32CubeCLT_1.18.0/GNU-tools-for-STM32/bin/../lib/gcc/arm-none-eabi/13.3.1/thumb/v7e-m+fp/hard\libgcc.a
LOAD C:/ST/STM32CubeCLT_1.18.0/GNU-tools-for-STM32/bin/../lib/gcc/arm-none-eabi/13.3.1/../../../../arm-none-eabi/lib/thumb/v7e-m+fp/hard\libg_nano.a
LOAD C:/ST/STM32CubeCLT_1.18.0/GNU-tools-for-STM32/bin/../lib/gcc/arm-none-eabi/13.3.1/../../../../arm-none-eabi/lib/thumb/v7e-m+fp/hard\libc_nano.a
END GROUP
START GROUP
LOAD C:/ST/STM32CubeCLT_1.18.0/GNU-tools-for-STM32/bin/../lib/gcc/arm-none-eabi/13.3.1/thumb/v7e-m+fp/hard\libgcc.a
LOAD C:/ST/STM32CubeCLT_1.18.0/GNU-tools-for-STM32/bin/../lib/gcc/arm-none-eabi/13.3.1/../../../../arm-none-eabi/lib/thumb/v7e-m+fp/hard\libc_nano.a
END GROUP
LOAD C:/ST/STM32CubeCLT_1.18.0/GNU-tools-for-STM32/bin/../lib/gcc/arm-none-eabi/13.3.1/thumb/v7e-m+fp/hard/crtend.o
LOAD C:/ST/STM32CubeCLT_1.18.0/GNU-tools-for-STM32/bin/../lib/gcc/arm-none-eabi/13.3.1/thumb/v7e-m+fp/hard/crtn.o
                0x20018000                        _estack = (ORIGIN (RAM) + LENGTH (RAM))
                0x00000200                        _Min_Heap_Size = 0x200
                0x00000400                        _Min_Stack_Size = 0x400

.isr_vector     0x08000000      0x188
                0x08000000                        . = ALIGN (0x8)
 *(.isr_vector)
 .isr_vector    0x08000000      0x188 CMakeFiles/blinky.dir/startup_stm32l476xx.s.obj
                0x08000000                g_pfnVectors
                0x08000188                        . = ALIGN (0x8)

.text           0x08000190     0x6200
                0x08000190                        . = ALIGN (0x8)
 *(.text)
 .text          0x08000190       0x40 C:/ST/STM32CubeCLT_1.18.0/GNU-tools-for-STM32/bin/../lib/gcc/arm-none-eabi/13.3.1/thumb/v7e-m+fp/hard/crtbegin.o
 .text          0x080001d0       0x30 C:/ST/STM32CubeCLT_1.18.0/GNU-tools-for-STM32/bin/../lib/gcc/arm-none-eabi/13.3.1/thumb/v7e-m+fp/hard\libgcc.a(_aeabi_uldivmod.o)
                0x080001d0                __aeabi_uldivmod
 .text          0x08000200      0x2f8 C:/ST/STM32CubeCLT_1.18.0/GNU-tools-for-STM32/bin/../lib/gcc/arm-none-eabi/13.3.1/thumb/v7e-m+fp/hard\libgcc.a(_udivmoddi4.o)
                0x08000200                __udivmoddi4
 .text          0x080004f8        0x4 C:/ST/STM32CubeCLT_1.18.0/GNU-tools-for-STM32/bin/../lib/gcc/arm-none-eabi/13.3.1/thumb/v7e-m+fp/hard\libgcc.a(_dvmd_tls.o)
                0x080004f8                __aeabi_idiv0
                0x080004f8                __aeabi_ldiv0
 *(.text*)
 .text.SystemInit
                0x080004fc       0x24 cmake/stm32cubemx/CMakeFiles/STM32_Drivers.dir/__/__/Core/Src/system_stm32l4xx.c.obj
                0x080004fc                SystemInit
 .text.HAL_TIM_Base_Init
                0x08000520       0xae cmake/stm32cubemx/CMakeFiles/STM32_Drivers.dir/__/__/Drivers/STM32L4xx_HAL_Driver/Src/stm32l4xx_hal_tim.c.obj
                0x08000520                HAL_TIM_Base_Init
 .text.HAL_TIM_Base_MspInit
                0x080005ce       0x14 cmake/stm32cubemx/CMakeFiles/STM32_Drivers.dir/__/__/Drivers/STM32L4xx_HAL_Driver/Src/stm32l4xx_hal_tim.c.obj
                0x080005ce                HAL_TIM_Base_MspInit
 *fill*         0x080005e2        0x2 
 .text.HAL_TIM_Base_Start_IT
                0x080005e4       0xe0 cmake/stm32cubemx/CMakeFiles/STM32_Drivers.dir/__/__/Drivers/STM32L4xx_HAL_Driver/Src/stm32l4xx_hal_tim.c.obj
                0x080005e4                HAL_TIM_Base_Start_IT
 .text.HAL_TIM_IRQHandler
                0x080006c4      0x20e cmake/stm32cubemx/CMakeFiles/STM32_Drivers.dir/__/__/Drivers/STM32L4xx_HAL_Driver/Src/stm32l4xx_hal_tim.c.obj
                0x080006c4                HAL_TIM_IRQHandler
 .text.HAL_TIM_OC_DelayElapsedCallback
                0x080008d2       0x14 cmake/stm32cubemx/CMakeFiles/STM32_Drivers.dir/__/__/Drivers/STM32L4xx_HAL_Driver/Src/stm32l4xx_hal_tim.c.obj
                0x080008d2                HAL_TIM_OC_DelayElapsedCallback
 .text.HAL_TIM_IC_CaptureCallback
                0x080008e6       0x14 cmake/stm32cubemx/CMakeFiles/STM32_Drivers.dir/__/__/Drivers/STM32L4xx_HAL_Driver/Src/stm32l4xx_hal_tim.c.obj
                0x080008e6                HAL_TIM_IC_CaptureCallback
 .text.HAL_TIM_PWM_PulseFinishedCallback
                0x080008fa       0x14 cmake/stm32cubemx/CMakeFiles/STM32_Drivers.dir/__/__/Drivers/STM32L4xx_HAL_Driver/Src/stm32l4xx_hal_tim.c.obj
                0x080008fa                HAL_TIM_PWM_PulseFinishedCallback
 .text.HAL_TIM_TriggerCallback
                0x0800090e       0x14 cmake/stm32cubemx/CMakeFiles/STM32_Drivers.dir/__/__/Drivers/STM32L4xx_HAL_Driver/Src/stm32l4xx_hal_tim.c.obj
                0x0800090e                HAL_TIM_TriggerCallback
 *fill*         0x08000922        0x2 
 .text.TIM_Base_SetConfig
                0x08000924      0x14c cmake/stm32cubemx/CMakeFiles/STM32_Drivers.dir/__/__/Drivers/STM32L4xx_HAL_Driver/Src/stm32l4xx_hal_tim.c.obj
                0x08000924                TIM_Base_SetConfig
 .text.HAL_TIMEx_CommutCallback
                0x08000a70       0x14 cmake/stm32cubemx/CMakeFiles/STM32_Drivers.dir/__/__/Drivers/STM32L4xx_HAL_Driver/Src/stm32l4xx_hal_tim_ex.c.obj
                0x08000a70                HAL_TIMEx_CommutCallback
 .text.HAL_TIMEx_BreakCallback
                0x08000a84       0x14 cmake/stm32cubemx/CMakeFiles/STM32_Drivers.dir/__/__/Drivers/STM32L4xx_HAL_Driver/Src/stm32l4xx_hal_tim_ex.c.obj
                0x08000a84                HAL_TIMEx_BreakCallback
 .text.HAL_TIMEx_Break2Callback
                0x08000a98       0x14 cmake/stm32cubemx/CMakeFiles/STM32_Drivers.dir/__/__/Drivers/STM32L4xx_HAL_Driver/Src/stm32l4xx_hal_tim_ex.c.obj
                0x08000a98                HAL_TIMEx_Break2Callback
 .text.HAL_Init
                0x08000aac       0x40 cmake/stm32cubemx/CMakeFiles/STM32_Drivers.dir/__/__/Drivers/STM32L4xx_HAL_Driver/Src/stm32l4xx_hal.c.obj
                0x08000aac                HAL_Init
 .text.HAL_IncTick
                0x08000aec       0x28 cmake/stm32cubemx/CMakeFiles/STM32_Drivers.dir/__/__/Drivers/STM32L4xx_HAL_Driver/Src/stm32l4xx_hal.c.obj
                0x08000aec                HAL_IncTick
 .text.HAL_GetTick
                0x08000b14       0x18 cmake/stm32cubemx/CMakeFiles/STM32_Drivers.dir/__/__/Drivers/STM32L4xx_HAL_Driver/Src/stm32l4xx_hal.c.obj
                0x08000b14                HAL_GetTick
 .text.HAL_RCC_OscConfig
                0x08000b2c      0x7b8 cmake/stm32cubemx/CMakeFiles/STM32_Drivers.dir/__/__/Drivers/STM32L4xx_HAL_Driver/Src/stm32l4xx_hal_rcc.c.obj
                0x08000b2c                HAL_RCC_OscConfig
 .text.HAL_RCC_ClockConfig
                0x080012e4      0x200 cmake/stm32cubemx/CMakeFiles/STM32_Drivers.dir/__/__/Drivers/STM32L4xx_HAL_Driver/Src/stm32l4xx_hal_rcc.c.obj
                0x080012e4                HAL_RCC_ClockConfig
 .text.HAL_RCC_GetSysClockFreq
                0x080014e4      0x118 cmake/stm32cubemx/CMakeFiles/STM32_Drivers.dir/__/__/Drivers/STM32L4xx_HAL_Driver/Src/stm32l4xx_hal_rcc.c.obj
                0x080014e4                HAL_RCC_GetSysClockFreq
 .text.HAL_RCC_GetHCLKFreq
                0x080015fc       0x18 cmake/stm32cubemx/CMakeFiles/STM32_Drivers.dir/__/__/Drivers/STM32L4xx_HAL_Driver/Src/stm32l4xx_hal_rcc.c.obj
                0x080015fc                HAL_RCC_GetHCLKFreq
 .text.HAL_RCC_GetPCLK1Freq
                0x08001614       0x2c cmake/stm32cubemx/CMakeFiles/STM32_Drivers.dir/__/__/Drivers/STM32L4xx_HAL_Driver/Src/stm32l4xx_hal_rcc.c.obj
                0x08001614                HAL_RCC_GetPCLK1Freq
 .text.HAL_RCC_GetPCLK2Freq
                0x08001640       0x2c cmake/stm32cubemx/CMakeFiles/STM32_Drivers.dir/__/__/Drivers/STM32L4xx_HAL_Driver/Src/stm32l4xx_hal_rcc.c.obj
                0x08001640                HAL_RCC_GetPCLK2Freq
 .text.HAL_RCC_GetClockConfig
                0x0800166c       0x64 cmake/stm32cubemx/CMakeFiles/STM32_Drivers.dir/__/__/Drivers/STM32L4xx_HAL_Driver/Src/stm32l4xx_hal_rcc.c.obj
                0x0800166c                HAL_RCC_GetClockConfig
 .text.RCC_SetFlashLatencyFromMSIRange
                0x080016d0       0xc0 cmake/stm32cubemx/CMakeFiles/STM32_Drivers.dir/__/__/Drivers/STM32L4xx_HAL_Driver/Src/stm32l4xx_hal_rcc.c.obj
 .text.HAL_RCCEx_PeriphCLKConfig
                0x08001790      0x5d4 cmake/stm32cubemx/CMakeFiles/STM32_Drivers.dir/__/__/Drivers/STM32L4xx_HAL_Driver/Src/stm32l4xx_hal_rcc_ex.c.obj
                0x08001790                HAL_RCCEx_PeriphCLKConfig
 .text.RCCEx_PLLSAI1_Config
                0x08001d64      0x1e8 cmake/stm32cubemx/CMakeFiles/STM32_Drivers.dir/__/__/Drivers/STM32L4xx_HAL_Driver/Src/stm32l4xx_hal_rcc_ex.c.obj
 .text.RCCEx_PLLSAI2_Config
                0x08001f4c      0x1bc cmake/stm32cubemx/CMakeFiles/STM32_Drivers.dir/__/__/Drivers/STM32L4xx_HAL_Driver/Src/stm32l4xx_hal_rcc_ex.c.obj
 .text.HAL_GPIO_Init
                0x08002108      0x354 cmake/stm32cubemx/CMakeFiles/STM32_Drivers.dir/__/__/Drivers/STM32L4xx_HAL_Driver/Src/stm32l4xx_hal_gpio.c.obj
                0x08002108                HAL_GPIO_Init
 .text.HAL_GPIO_WritePin
                0x0800245c       0x30 cmake/stm32cubemx/CMakeFiles/STM32_Drivers.dir/__/__/Drivers/STM32L4xx_HAL_Driver/Src/stm32l4xx_hal_gpio.c.obj
                0x0800245c                HAL_GPIO_WritePin
 .text.HAL_GPIO_TogglePin
                0x0800248c       0x34 cmake/stm32cubemx/CMakeFiles/STM32_Drivers.dir/__/__/Drivers/STM32L4xx_HAL_Driver/Src/stm32l4xx_hal_gpio.c.obj
                0x0800248c                HAL_GPIO_TogglePin
 .text.HAL_PWREx_GetVoltageRange
                0x080024c0       0x1c cmake/stm32cubemx/CMakeFiles/STM32_Drivers.dir/__/__/Drivers/STM32L4xx_HAL_Driver/Src/stm32l4xx_hal_pwr_ex.c.obj
                0x080024c0                HAL_PWREx_GetVoltageRange
 .text.HAL_PWREx_ControlVoltageScaling
                0x080024dc       0xac cmake/stm32cubemx/CMakeFiles/STM32_Drivers.dir/__/__/Drivers/STM32L4xx_HAL_Driver/Src/stm32l4xx_hal_pwr_ex.c.obj
                0x080024dc                HAL_PWREx_ControlVoltageScaling
 .text.__NVIC_SetPriorityGrouping
                0x08002588       0x48 cmake/stm32cubemx/CMakeFiles/STM32_Drivers.dir/__/__/Drivers/STM32L4xx_HAL_Driver/Src/stm32l4xx_hal_cortex.c.obj
 .text.__NVIC_GetPriorityGrouping
                0x080025d0       0x1c cmake/stm32cubemx/CMakeFiles/STM32_Drivers.dir/__/__/Drivers/STM32L4xx_HAL_Driver/Src/stm32l4xx_hal_cortex.c.obj
 .text.__NVIC_EnableIRQ
                0x080025ec       0x3c cmake/stm32cubemx/CMakeFiles/STM32_Drivers.dir/__/__/Drivers/STM32L4xx_HAL_Driver/Src/stm32l4xx_hal_cortex.c.obj
 .text.__NVIC_SetPriority
                0x08002628       0x54 cmake/stm32cubemx/CMakeFiles/STM32_Drivers.dir/__/__/Drivers/STM32L4xx_HAL_Driver/Src/stm32l4xx_hal_cortex.c.obj
 .text.NVIC_EncodePriority
                0x0800267c       0x66 cmake/stm32cubemx/CMakeFiles/STM32_Drivers.dir/__/__/Drivers/STM32L4xx_HAL_Driver/Src/stm32l4xx_hal_cortex.c.obj
 .text.HAL_NVIC_SetPriorityGrouping
                0x080026e2       0x16 cmake/stm32cubemx/CMakeFiles/STM32_Drivers.dir/__/__/Drivers/STM32L4xx_HAL_Driver/Src/stm32l4xx_hal_cortex.c.obj
                0x080026e2                HAL_NVIC_SetPriorityGrouping
 .text.HAL_NVIC_SetPriority
                0x080026f8       0x38 cmake/stm32cubemx/CMakeFiles/STM32_Drivers.dir/__/__/Drivers/STM32L4xx_HAL_Driver/Src/stm32l4xx_hal_cortex.c.obj
                0x080026f8                HAL_NVIC_SetPriority
 .text.HAL_NVIC_EnableIRQ
                0x08002730       0x1c cmake/stm32cubemx/CMakeFiles/STM32_Drivers.dir/__/__/Drivers/STM32L4xx_HAL_Driver/Src/stm32l4xx_hal_cortex.c.obj
                0x08002730                HAL_NVIC_EnableIRQ
 .text.HAL_UART_Init
                0x0800274c       0x9c cmake/stm32cubemx/CMakeFiles/STM32_Drivers.dir/__/__/Drivers/STM32L4xx_HAL_Driver/Src/stm32l4xx_hal_uart.c.obj
                0x0800274c                HAL_UART_Init
 .text.UART_SetConfig
                0x080027e8      0x570 cmake/stm32cubemx/CMakeFiles/STM32_Drivers.dir/__/__/Drivers/STM32L4xx_HAL_Driver/Src/stm32l4xx_hal_uart.c.obj
                0x080027e8                UART_SetConfig
 .text.UART_AdvFeatureConfig
                0x08002d58      0x144 cmake/stm32cubemx/CMakeFiles/STM32_Drivers.dir/__/__/Drivers/STM32L4xx_HAL_Driver/Src/stm32l4xx_hal_uart.c.obj
                0x08002d58                UART_AdvFeatureConfig
 .text.UART_CheckIdleState
                0x08002e9c      0x150 cmake/stm32cubemx/CMakeFiles/STM32_Drivers.dir/__/__/Drivers/STM32L4xx_HAL_Driver/Src/stm32l4xx_hal_uart.c.obj
                0x08002e9c                UART_CheckIdleState
 .text.UART_WaitOnFlagUntilTimeout
                0x08002fec       0xda cmake/stm32cubemx/CMakeFiles/STM32_Drivers.dir/__/__/Drivers/STM32L4xx_HAL_Driver/Src/stm32l4xx_hal_uart.c.obj
                0x08002fec                UART_WaitOnFlagUntilTimeout
 .text.UART_EndRxTransfer
                0x080030c6       0xc8 cmake/stm32cubemx/CMakeFiles/STM32_Drivers.dir/__/__/Drivers/STM32L4xx_HAL_Driver/Src/stm32l4xx_hal_uart.c.obj
 .text.vListInitialise
                0x0800318e       0x40 cmake/stm32cubemx/CMakeFiles/FreeRTOS.dir/__/__/Middlewares/Third_Party/FreeRTOS/Source/list.c.obj
                0x0800318e                vListInitialise
 .text.vListInitialiseItem
                0x080031ce       0x1a cmake/stm32cubemx/CMakeFiles/FreeRTOS.dir/__/__/Middlewares/Third_Party/FreeRTOS/Source/list.c.obj
                0x080031ce                vListInitialiseItem
 .text.vListInsertEnd
                0x080031e8       0x48 cmake/stm32cubemx/CMakeFiles/FreeRTOS.dir/__/__/Middlewares/Third_Party/FreeRTOS/Source/list.c.obj
                0x080031e8                vListInsertEnd
 .text.vListInsert
                0x08003230       0x72 cmake/stm32cubemx/CMakeFiles/FreeRTOS.dir/__/__/Middlewares/Third_Party/FreeRTOS/Source/list.c.obj
                0x08003230                vListInsert
 .text.uxListRemove
                0x080032a2       0x54 cmake/stm32cubemx/CMakeFiles/FreeRTOS.dir/__/__/Middlewares/Third_Party/FreeRTOS/Source/list.c.obj
                0x080032a2                uxListRemove
 *fill*         0x080032f6        0x2 
 .text.xQueueGenericReset
                0x080032f8       0xd4 cmake/stm32cubemx/CMakeFiles/FreeRTOS.dir/__/__/Middlewares/Third_Party/FreeRTOS/Source/queue.c.obj
                0x080032f8                xQueueGenericReset
 .text.xQueueGenericCreateStatic
                0x080033cc       0xfa cmake/stm32cubemx/CMakeFiles/FreeRTOS.dir/__/__/Middlewares/Third_Party/FreeRTOS/Source/queue.c.obj
                0x080033cc                xQueueGenericCreateStatic
 .text.prvInitialiseNewQueue
                0x080034c6       0x46 cmake/stm32cubemx/CMakeFiles/FreeRTOS.dir/__/__/Middlewares/Third_Party/FreeRTOS/Source/queue.c.obj
 .text.xQueueGenericSend
                0x0800350c      0x204 cmake/stm32cubemx/CMakeFiles/FreeRTOS.dir/__/__/Middlewares/Third_Party/FreeRTOS/Source/queue.c.obj
                0x0800350c                xQueueGenericSend
 .text.xQueueGenericSendFromISR
                0x08003710      0x13c cmake/stm32cubemx/CMakeFiles/FreeRTOS.dir/__/__/Middlewares/Third_Party/FreeRTOS/Source/queue.c.obj
                0x08003710                xQueueGenericSendFromISR
 .text.xQueueReceive
                0x0800384c      0x1c4 cmake/stm32cubemx/CMakeFiles/FreeRTOS.dir/__/__/Middlewares/Third_Party/FreeRTOS/Source/queue.c.obj
                0x0800384c                xQueueReceive
 .text.prvCopyDataToQueue
                0x08003a10       0xd4 cmake/stm32cubemx/CMakeFiles/FreeRTOS.dir/__/__/Middlewares/Third_Party/FreeRTOS/Source/queue.c.obj
 .text.prvCopyDataFromQueue
                0x08003ae4       0x4c cmake/stm32cubemx/CMakeFiles/FreeRTOS.dir/__/__/Middlewares/Third_Party/FreeRTOS/Source/queue.c.obj
 .text.prvUnlockQueue
                0x08003b30       0xa4 cmake/stm32cubemx/CMakeFiles/FreeRTOS.dir/__/__/Middlewares/Third_Party/FreeRTOS/Source/queue.c.obj
 .text.prvIsQueueEmpty
                0x08003bd4       0x2c cmake/stm32cubemx/CMakeFiles/FreeRTOS.dir/__/__/Middlewares/Third_Party/FreeRTOS/Source/queue.c.obj
 .text.prvIsQueueFull
                0x08003c00       0x30 cmake/stm32cubemx/CMakeFiles/FreeRTOS.dir/__/__/Middlewares/Third_Party/FreeRTOS/Source/queue.c.obj
 .text.vQueueAddToRegistry
                0x08003c30       0x54 cmake/stm32cubemx/CMakeFiles/FreeRTOS.dir/__/__/Middlewares/Third_Party/FreeRTOS/Source/queue.c.obj
                0x08003c30                vQueueAddToRegistry
 .text.vQueueWaitForMessageRestricted
                0x08003c84       0x68 cmake/stm32cubemx/CMakeFiles/FreeRTOS.dir/__/__/Middlewares/Third_Party/FreeRTOS/Source/queue.c.obj
                0x08003c84                vQueueWaitForMessageRestricted
 .text.xTaskCreateStatic
                0x08003cec       0xc0 cmake/stm32cubemx/CMakeFiles/FreeRTOS.dir/__/__/Middlewares/Third_Party/FreeRTOS/Source/tasks.c.obj
                0x08003cec                xTaskCreateStatic
 .text.xTaskCreate
                0x08003dac       0x8a cmake/stm32cubemx/CMakeFiles/FreeRTOS.dir/__/__/Middlewares/Third_Party/FreeRTOS/Source/tasks.c.obj
                0x08003dac                xTaskCreate
 .text.prvInitialiseNewTask
                0x08003e36      0x120 cmake/stm32cubemx/CMakeFiles/FreeRTOS.dir/__/__/Middlewares/Third_Party/FreeRTOS/Source/tasks.c.obj
 *fill*         0x08003f56        0x2 
 .text.prvAddNewTaskToReadyList
                0x08003f58       0xe0 cmake/stm32cubemx/CMakeFiles/FreeRTOS.dir/__/__/Middlewares/Third_Party/FreeRTOS/Source/tasks.c.obj
 .text.vTaskDelay
                0x08004038       0x6c cmake/stm32cubemx/CMakeFiles/FreeRTOS.dir/__/__/Middlewares/Third_Party/FreeRTOS/Source/tasks.c.obj
                0x08004038                vTaskDelay
 .text.vTaskStartScheduler
                0x080040a4       0xd0 cmake/stm32cubemx/CMakeFiles/FreeRTOS.dir/__/__/Middlewares/Third_Party/FreeRTOS/Source/tasks.c.obj
                0x080040a4                vTaskStartScheduler
 .text.vTaskSuspendAll
                0x08004174       0x1c cmake/stm32cubemx/CMakeFiles/FreeRTOS.dir/__/__/Middlewares/Third_Party/FreeRTOS/Source/tasks.c.obj
                0x08004174                vTaskSuspendAll
 .text.xTaskResumeAll
                0x08004190      0x13c cmake/stm32cubemx/CMakeFiles/FreeRTOS.dir/__/__/Middlewares/Third_Party/FreeRTOS/Source/tasks.c.obj
                0x08004190                xTaskResumeAll
 .text.xTaskGetTickCount
                0x080042cc       0x20 cmake/stm32cubemx/CMakeFiles/FreeRTOS.dir/__/__/Middlewares/Third_Party/FreeRTOS/Source/tasks.c.obj
                0x080042cc                xTaskGetTickCount
 .text.xTaskIncrementTick
                0x080042ec      0x174 cmake/stm32cubemx/CMakeFiles/FreeRTOS.dir/__/__/Middlewares/Third_Party/FreeRTOS/Source/tasks.c.obj
                0x080042ec                xTaskIncrementTick
 .text.vTaskSwitchContext
                0x08004460       0xbc cmake/stm32cubemx/CMakeFiles/FreeRTOS.dir/__/__/Middlewares/Third_Party/FreeRTOS/Source/tasks.c.obj
                0x08004460                vTaskSwitchContext
 .text.vTaskPlaceOnEventList
                0x0800451c       0x4c cmake/stm32cubemx/CMakeFiles/FreeRTOS.dir/__/__/Middlewares/Third_Party/FreeRTOS/Source/tasks.c.obj
                0x0800451c                vTaskPlaceOnEventList
 .text.vTaskPlaceOnEventListRestricted
                0x08004568       0x58 cmake/stm32cubemx/CMakeFiles/FreeRTOS.dir/__/__/Middlewares/Third_Party/FreeRTOS/Source/tasks.c.obj
                0x08004568                vTaskPlaceOnEventListRestricted
 .text.xTaskRemoveFromEventList
                0x080045c0       0xc8 cmake/stm32cubemx/CMakeFiles/FreeRTOS.dir/__/__/Middlewares/Third_Party/FreeRTOS/Source/tasks.c.obj
                0x080045c0                xTaskRemoveFromEventList
 .text.vTaskInternalSetTimeOutState
                0x08004688       0x2c cmake/stm32cubemx/CMakeFiles/FreeRTOS.dir/__/__/Middlewares/Third_Party/FreeRTOS/Source/tasks.c.obj
                0x08004688                vTaskInternalSetTimeOutState
 .text.xTaskCheckForTimeOut
                0x080046b4       0xc8 cmake/stm32cubemx/CMakeFiles/FreeRTOS.dir/__/__/Middlewares/Third_Party/FreeRTOS/Source/tasks.c.obj
                0x080046b4                xTaskCheckForTimeOut
 .text.vTaskMissedYield
                0x0800477c       0x18 cmake/stm32cubemx/CMakeFiles/FreeRTOS.dir/__/__/Middlewares/Third_Party/FreeRTOS/Source/tasks.c.obj
                0x0800477c                vTaskMissedYield
 .text.prvIdleTask
                0x08004794       0x30 cmake/stm32cubemx/CMakeFiles/FreeRTOS.dir/__/__/Middlewares/Third_Party/FreeRTOS/Source/tasks.c.obj
 .text.prvInitialiseTaskLists
                0x080047c4       0x80 cmake/stm32cubemx/CMakeFiles/FreeRTOS.dir/__/__/Middlewares/Third_Party/FreeRTOS/Source/tasks.c.obj
 .text.prvCheckTasksWaitingTermination
                0x08004844       0x5c cmake/stm32cubemx/CMakeFiles/FreeRTOS.dir/__/__/Middlewares/Third_Party/FreeRTOS/Source/tasks.c.obj
 .text.prvDeleteTCB
                0x080048a0       0x60 cmake/stm32cubemx/CMakeFiles/FreeRTOS.dir/__/__/Middlewares/Third_Party/FreeRTOS/Source/tasks.c.obj
 .text.prvResetNextTaskUnblockTime
                0x08004900       0x40 cmake/stm32cubemx/CMakeFiles/FreeRTOS.dir/__/__/Middlewares/Third_Party/FreeRTOS/Source/tasks.c.obj
 .text.xTaskGetSchedulerState
                0x08004940       0x3c cmake/stm32cubemx/CMakeFiles/FreeRTOS.dir/__/__/Middlewares/Third_Party/FreeRTOS/Source/tasks.c.obj
                0x08004940                xTaskGetSchedulerState
 .text.xTaskPriorityDisinherit
                0x0800497c       0xe0 cmake/stm32cubemx/CMakeFiles/FreeRTOS.dir/__/__/Middlewares/Third_Party/FreeRTOS/Source/tasks.c.obj
                0x0800497c                xTaskPriorityDisinherit
 .text.prvAddCurrentTaskToDelayedList
                0x08004a5c       0xa8 cmake/stm32cubemx/CMakeFiles/FreeRTOS.dir/__/__/Middlewares/Third_Party/FreeRTOS/Source/tasks.c.obj
 .text.xTimerCreateTimerTask
                0x08004b04       0x94 cmake/stm32cubemx/CMakeFiles/FreeRTOS.dir/__/__/Middlewares/Third_Party/FreeRTOS/Source/timers.c.obj
                0x08004b04                xTimerCreateTimerTask
 .text.xTimerGenericCommand
                0x08004b98       0x9c cmake/stm32cubemx/CMakeFiles/FreeRTOS.dir/__/__/Middlewares/Third_Party/FreeRTOS/Source/timers.c.obj
                0x08004b98                xTimerGenericCommand
 .text.prvProcessExpiredTimer
                0x08004c34       0x9c cmake/stm32cubemx/CMakeFiles/FreeRTOS.dir/__/__/Middlewares/Third_Party/FreeRTOS/Source/timers.c.obj
 .text.prvTimerTask
                0x08004cd0       0x26 cmake/stm32cubemx/CMakeFiles/FreeRTOS.dir/__/__/Middlewares/Third_Party/FreeRTOS/Source/timers.c.obj
 *fill*         0x08004cf6        0x2 
 .text.prvProcessTimerOrBlockTask
                0x08004cf8       0x9c cmake/stm32cubemx/CMakeFiles/FreeRTOS.dir/__/__/Middlewares/Third_Party/FreeRTOS/Source/timers.c.obj
 .text.prvGetNextExpireTime
                0x08004d94       0x48 cmake/stm32cubemx/CMakeFiles/FreeRTOS.dir/__/__/Middlewares/Third_Party/FreeRTOS/Source/timers.c.obj
 .text.prvSampleTimeNow
                0x08004ddc       0x40 cmake/stm32cubemx/CMakeFiles/FreeRTOS.dir/__/__/Middlewares/Third_Party/FreeRTOS/Source/timers.c.obj
 .text.prvInsertTimerInActiveList
                0x08004e1c       0x84 cmake/stm32cubemx/CMakeFiles/FreeRTOS.dir/__/__/Middlewares/Third_Party/FreeRTOS/Source/timers.c.obj
 .text.prvProcessReceivedCommands
                0x08004ea0      0x1cc cmake/stm32cubemx/CMakeFiles/FreeRTOS.dir/__/__/Middlewares/Third_Party/FreeRTOS/Source/timers.c.obj
 .text.prvSwitchTimerLists
                0x0800506c       0xcc cmake/stm32cubemx/CMakeFiles/FreeRTOS.dir/__/__/Middlewares/Third_Party/FreeRTOS/Source/timers.c.obj
 .text.prvCheckForValidListAndQueue
                0x08005138       0x80 cmake/stm32cubemx/CMakeFiles/FreeRTOS.dir/__/__/Middlewares/Third_Party/FreeRTOS/Source/timers.c.obj
 .text.__NVIC_SetPriority
                0x080051b8       0x54 cmake/stm32cubemx/CMakeFiles/FreeRTOS.dir/__/__/Middlewares/Third_Party/FreeRTOS/Source/CMSIS_RTOS_V2/cmsis_os2.c.obj
 .text.SysTick_Handler
                0x0800520c       0x20 cmake/stm32cubemx/CMakeFiles/FreeRTOS.dir/__/__/Middlewares/Third_Party/FreeRTOS/Source/CMSIS_RTOS_V2/cmsis_os2.c.obj
                0x0800520c                SysTick_Handler
 .text.SVC_Setup
                0x0800522c       0x12 cmake/stm32cubemx/CMakeFiles/FreeRTOS.dir/__/__/Middlewares/Third_Party/FreeRTOS/Source/CMSIS_RTOS_V2/cmsis_os2.c.obj
 *fill*         0x0800523e        0x2 
 .text.osKernelInitialize
                0x08005240       0x48 cmake/stm32cubemx/CMakeFiles/FreeRTOS.dir/__/__/Middlewares/Third_Party/FreeRTOS/Source/CMSIS_RTOS_V2/cmsis_os2.c.obj
                0x08005240                osKernelInitialize
 .text.osKernelStart
                0x08005288       0x4c cmake/stm32cubemx/CMakeFiles/FreeRTOS.dir/__/__/Middlewares/Third_Party/FreeRTOS/Source/CMSIS_RTOS_V2/cmsis_os2.c.obj
                0x08005288                osKernelStart
 .text.osThreadNew
                0x080052d4      0x124 cmake/stm32cubemx/CMakeFiles/FreeRTOS.dir/__/__/Middlewares/Third_Party/FreeRTOS/Source/CMSIS_RTOS_V2/cmsis_os2.c.obj
                0x080052d4                osThreadNew
 .text.osDelay  0x080053f8       0x36 cmake/stm32cubemx/CMakeFiles/FreeRTOS.dir/__/__/Middlewares/Third_Party/FreeRTOS/Source/CMSIS_RTOS_V2/cmsis_os2.c.obj
                0x080053f8                osDelay
 *fill*         0x0800542e        0x2 
 .text.vApplicationGetIdleTaskMemory
                0x08005430       0x34 cmake/stm32cubemx/CMakeFiles/FreeRTOS.dir/__/__/Middlewares/Third_Party/FreeRTOS/Source/CMSIS_RTOS_V2/cmsis_os2.c.obj
                0x08005430                vApplicationGetIdleTaskMemory
 .text.vApplicationGetTimerTaskMemory
                0x08005464       0x34 cmake/stm32cubemx/CMakeFiles/FreeRTOS.dir/__/__/Middlewares/Third_Party/FreeRTOS/Source/CMSIS_RTOS_V2/cmsis_os2.c.obj
                0x08005464                vApplicationGetTimerTaskMemory
 .text.pvPortMalloc
                0x08005498      0x19c cmake/stm32cubemx/CMakeFiles/FreeRTOS.dir/__/__/Middlewares/Third_Party/FreeRTOS/Source/portable/MemMang/heap_4.c.obj
                0x08005498                pvPortMalloc
 .text.vPortFree
                0x08005634       0xc8 cmake/stm32cubemx/CMakeFiles/FreeRTOS.dir/__/__/Middlewares/Third_Party/FreeRTOS/Source/portable/MemMang/heap_4.c.obj
                0x08005634                vPortFree
 .text.prvHeapInit
                0x080056fc       0xc4 cmake/stm32cubemx/CMakeFiles/FreeRTOS.dir/__/__/Middlewares/Third_Party/FreeRTOS/Source/portable/MemMang/heap_4.c.obj
 .text.prvInsertBlockIntoFreeList
                0x080057c0       0xb4 cmake/stm32cubemx/CMakeFiles/FreeRTOS.dir/__/__/Middlewares/Third_Party/FreeRTOS/Source/portable/MemMang/heap_4.c.obj
 .text.pxPortInitialiseStack
                0x08005874       0x68 cmake/stm32cubemx/CMakeFiles/FreeRTOS.dir/__/__/Middlewares/Third_Party/FreeRTOS/Source/portable/GCC/ARM_CM4F/port.c.obj
                0x08005874                pxPortInitialiseStack
 .text.prvTaskExitError
                0x080058dc       0x5c cmake/stm32cubemx/CMakeFiles/FreeRTOS.dir/__/__/Middlewares/Third_Party/FreeRTOS/Source/portable/GCC/ARM_CM4F/port.c.obj
 *fill*         0x08005938        0x8 
 .text.SVC_Handler
                0x08005940       0x28 cmake/stm32cubemx/CMakeFiles/FreeRTOS.dir/__/__/Middlewares/Third_Party/FreeRTOS/Source/portable/GCC/ARM_CM4F/port.c.obj
                0x08005940                SVC_Handler
 .text.prvPortStartFirstTask
                0x08005968       0x28 cmake/stm32cubemx/CMakeFiles/FreeRTOS.dir/__/__/Middlewares/Third_Party/FreeRTOS/Source/portable/GCC/ARM_CM4F/port.c.obj
 .text.xPortStartScheduler
                0x08005990      0x148 cmake/stm32cubemx/CMakeFiles/FreeRTOS.dir/__/__/Middlewares/Third_Party/FreeRTOS/Source/portable/GCC/ARM_CM4F/port.c.obj
                0x08005990                xPortStartScheduler
 .text.vPortEnterCritical
                0x08005ad8       0x64 cmake/stm32cubemx/CMakeFiles/FreeRTOS.dir/__/__/Middlewares/Third_Party/FreeRTOS/Source/portable/GCC/ARM_CM4F/port.c.obj
                0x08005ad8                vPortEnterCritical
 .text.vPortExitCritical
                0x08005b3c       0x54 cmake/stm32cubemx/CMakeFiles/FreeRTOS.dir/__/__/Middlewares/Third_Party/FreeRTOS/Source/portable/GCC/ARM_CM4F/port.c.obj
                0x08005b3c                vPortExitCritical
 .text.PendSV_Handler
                0x08005b90       0x68 cmake/stm32cubemx/CMakeFiles/FreeRTOS.dir/__/__/Middlewares/Third_Party/FreeRTOS/Source/portable/GCC/ARM_CM4F/port.c.obj
                0x08005b90                PendSV_Handler
 .text.xPortSysTickHandler
                0x08005bf8       0x44 cmake/stm32cubemx/CMakeFiles/FreeRTOS.dir/__/__/Middlewares/Third_Party/FreeRTOS/Source/portable/GCC/ARM_CM4F/port.c.obj
                0x08005bf8                xPortSysTickHandler
 .text.vPortSetupTimerInterrupt
                0x08005c3c       0x48 cmake/stm32cubemx/CMakeFiles/FreeRTOS.dir/__/__/Middlewares/Third_Party/FreeRTOS/Source/portable/GCC/ARM_CM4F/port.c.obj
                0x08005c3c                vPortSetupTimerInterrupt
 .text.vPortEnableVFP
                0x08005c84       0x14 cmake/stm32cubemx/CMakeFiles/FreeRTOS.dir/__/__/Middlewares/Third_Party/FreeRTOS/Source/portable/GCC/ARM_CM4F/port.c.obj
 .text.vPortValidateInterruptPriority
                0x08005c98       0x84 cmake/stm32cubemx/CMakeFiles/FreeRTOS.dir/__/__/Middlewares/Third_Party/FreeRTOS/Source/portable/GCC/ARM_CM4F/port.c.obj
                0x08005c98                vPortValidateInterruptPriority
 .text.main     0x08005d1c       0x94 CMakeFiles/blinky.dir/Core/Src/main.cpp.obj
                0x08005d1c                main
 .text._Z18SystemClock_Configv
                0x08005db0      0x112 CMakeFiles/blinky.dir/Core/Src/main.cpp.obj
                0x08005db0                SystemClock_Config()
 *fill*         0x08005ec2        0x2 
 .text._ZL19MX_USART2_UART_Initv
                0x08005ec4       0x68 CMakeFiles/blinky.dir/Core/Src/main.cpp.obj
 .text._ZL12MX_GPIO_Initv
                0x08005f2c       0xcc CMakeFiles/blinky.dir/Core/Src/main.cpp.obj
 .text._ZL12StartBlink01Pv
                0x08005ff8       0x1e CMakeFiles/blinky.dir/Core/Src/main.cpp.obj
 .text._ZL12StartBlink02Pv
                0x08006016       0x1e CMakeFiles/blinky.dir/Core/Src/main.cpp.obj
 .text.HAL_TIM_PeriodElapsedCallback
                0x08006034       0x24 CMakeFiles/blinky.dir/Core/Src/main.cpp.obj
                0x08006034                HAL_TIM_PeriodElapsedCallback
 .text.Error_Handler
                0x08006058        0xc CMakeFiles/blinky.dir/Core/Src/main.cpp.obj
                0x08006058                Error_Handler
 .text.NMI_Handler
                0x08006064        0x8 CMakeFiles/blinky.dir/Core/Src/stm32l4xx_it.c.obj
                0x08006064                NMI_Handler
 .text.HardFault_Handler
                0x0800606c        0x8 CMakeFiles/blinky.dir/Core/Src/stm32l4xx_it.c.obj
                0x0800606c                HardFault_Handler
 .text.MemManage_Handler
                0x08006074        0x8 CMakeFiles/blinky.dir/Core/Src/stm32l4xx_it.c.obj
                0x08006074                MemManage_Handler
 .text.BusFault_Handler
                0x0800607c        0x8 CMakeFiles/blinky.dir/Core/Src/stm32l4xx_it.c.obj
                0x0800607c                BusFault_Handler
 .text.UsageFault_Handler
                0x08006084        0x8 CMakeFiles/blinky.dir/Core/Src/stm32l4xx_it.c.obj
                0x08006084                UsageFault_Handler
 .text.DebugMon_Handler
                0x0800608c        0xe CMakeFiles/blinky.dir/Core/Src/stm32l4xx_it.c.obj
                0x0800608c                DebugMon_Handler
 *fill*         0x0800609a        0x2 
 .text.TIM6_DAC_IRQHandler
                0x0800609c       0x14 CMakeFiles/blinky.dir/Core/Src/stm32l4xx_it.c.obj
                0x0800609c                TIM6_DAC_IRQHandler
 .text.HAL_MspInit
                0x080060b0       0x50 CMakeFiles/blinky.dir/Core/Src/stm32l4xx_hal_msp.c.obj
                0x080060b0                HAL_MspInit
 .text.HAL_UART_MspInit
                0x08006100       0xb8 CMakeFiles/blinky.dir/Core/Src/stm32l4xx_hal_msp.c.obj
                0x08006100                HAL_UART_MspInit
 .text.HAL_InitTick
                0x080061b8       0xf4 CMakeFiles/blinky.dir/Core/Src/stm32l4xx_hal_timebase_tim.c.obj
                0x080061b8                HAL_InitTick
 .text.Reset_Handler
                0x080062ac       0x50 CMakeFiles/blinky.dir/startup_stm32l476xx.s.obj
                0x080062ac                Reset_Handler
 .text.Default_Handler
                0x080062fc        0x2 CMakeFiles/blinky.dir/startup_stm32l476xx.s.obj
                0x080062fc                RTC_Alarm_IRQHandler
                0x080062fc                EXTI2_IRQHandler
                0x080062fc                TIM8_TRG_COM_IRQHandler
                0x080062fc                TIM8_CC_IRQHandler
                0x080062fc                TIM1_CC_IRQHandler
                0x080062fc                TSC_IRQHandler
                0x080062fc                TAMP_STAMP_IRQHandler
                0x080062fc                EXTI3_IRQHandler
                0x080062fc                LPTIM2_IRQHandler
                0x080062fc                DFSDM1_FLT1_IRQHandler
                0x080062fc                I2C3_ER_IRQHandler
                0x080062fc                DFSDM1_FLT2_IRQHandler
                0x080062fc                EXTI0_IRQHandler
                0x080062fc                I2C2_EV_IRQHandler
                0x080062fc                CAN1_RX0_IRQHandler
                0x080062fc                FPU_IRQHandler
                0x080062fc                TIM1_UP_TIM16_IRQHandler
                0x080062fc                ADC1_2_IRQHandler
                0x080062fc                SPI1_IRQHandler
                0x080062fc                TIM8_UP_IRQHandler
                0x080062fc                DMA2_Channel2_IRQHandler
                0x080062fc                DMA1_Channel4_IRQHandler
                0x080062fc                SAI2_IRQHandler
                0x080062fc                DFSDM1_FLT3_IRQHandler
                0x080062fc                USART3_IRQHandler
                0x080062fc                DMA1_Channel7_IRQHandler
                0x080062fc                CAN1_RX1_IRQHandler
                0x080062fc                LCD_IRQHandler
                0x080062fc                UART5_IRQHandler
                0x080062fc                ADC3_IRQHandler
                0x080062fc                TIM4_IRQHandler
                0x080062fc                DMA2_Channel1_IRQHandler
                0x080062fc                QUADSPI_IRQHandler
                0x080062fc                I2C1_EV_IRQHandler
                0x080062fc                DMA1_Channel6_IRQHandler
                0x080062fc                UART4_IRQHandler
                0x080062fc                DMA2_Channel4_IRQHandler
                0x080062fc                TIM3_IRQHandler
                0x080062fc                RCC_IRQHandler
                0x080062fc                DMA1_Channel1_IRQHandler
                0x080062fc                Default_Handler
                0x080062fc                DMA2_Channel7_IRQHandler
                0x080062fc                EXTI15_10_IRQHandler
                0x080062fc                TIM7_IRQHandler
                0x080062fc                SDMMC1_IRQHandler
                0x080062fc                TIM5_IRQHandler
                0x080062fc                I2C3_EV_IRQHandler
                0x080062fc                EXTI9_5_IRQHandler
                0x080062fc                RTC_WKUP_IRQHandler
                0x080062fc                PVD_PVM_IRQHandler
                0x080062fc                SPI2_IRQHandler
                0x080062fc                CAN1_TX_IRQHandler
                0x080062fc                DMA2_Channel5_IRQHandler
                0x080062fc                DMA1_Channel5_IRQHandler
                0x080062fc                EXTI4_IRQHandler
                0x080062fc                RNG_IRQHandler
                0x080062fc                TIM1_TRG_COM_TIM17_IRQHandler
                0x080062fc                DMA1_Channel3_IRQHandler
                0x080062fc                COMP_IRQHandler
                0x080062fc                WWDG_IRQHandler
                0x080062fc                LPUART1_IRQHandler
                0x080062fc                DMA2_Channel6_IRQHandler
                0x080062fc                TIM2_IRQHandler
                0x080062fc                EXTI1_IRQHandler
                0x080062fc                USART2_IRQHandler
                0x080062fc                DFSDM1_FLT0_IRQHandler
                0x080062fc                I2C2_ER_IRQHandler
                0x080062fc                DMA1_Channel2_IRQHandler
                0x080062fc                TIM8_BRK_IRQHandler
                0x080062fc                CAN1_SCE_IRQHandler
                0x080062fc                FLASH_IRQHandler
                0x080062fc                USART1_IRQHandler
                0x080062fc                OTG_FS_IRQHandler
                0x080062fc                SPI3_IRQHandler
                0x080062fc                I2C1_ER_IRQHandler
                0x080062fc                FMC_IRQHandler
                0x080062fc                SWPMI1_IRQHandler
                0x080062fc                LPTIM1_IRQHandler
                0x080062fc                SAI1_IRQHandler
                0x080062fc                DMA2_Channel3_IRQHandler
                0x080062fc                TIM1_BRK_TIM15_IRQHandler
 .text.memset   0x080062fe       0x10 C:/ST/STM32CubeCLT_1.18.0/GNU-tools-for-STM32/bin/../lib/gcc/arm-none-eabi/13.3.1/../../../../arm-none-eabi/lib/thumb/v7e-m+fp/hard\libg_nano.a(libc_a-memset.o)
                0x080062fe                memset
 *fill*         0x0800630e        0x2 
 .text.__libc_init_array
                0x08006310       0x48 C:/ST/STM32CubeCLT_1.18.0/GNU-tools-for-STM32/bin/../lib/gcc/arm-none-eabi/13.3.1/../../../../arm-none-eabi/lib/thumb/v7e-m+fp/hard\libg_nano.a(libc_a-init.o)
                0x08006310                __libc_init_array
 .text.memcpy   0x08006358       0x1c C:/ST/STM32CubeCLT_1.18.0/GNU-tools-for-STM32/bin/../lib/gcc/arm-none-eabi/13.3.1/../../../../arm-none-eabi/lib/thumb/v7e-m+fp/hard\libg_nano.a(libc_a-memcpy-stub.o)
                0x08006358                memcpy
 *(.glue_7)
 .glue_7        0x08006374        0x0 linker stubs
 *(.glue_7t)
 .glue_7t       0x08006374        0x0 linker stubs
 *(.eh_frame)
 .eh_frame      0x08006374        0x0 C:/ST/STM32CubeCLT_1.18.0/GNU-tools-for-STM32/bin/../lib/gcc/arm-none-eabi/13.3.1/thumb/v7e-m+fp/hard/crtbegin.o
 *(.init)
 .init          0x08006374        0x4 C:/ST/STM32CubeCLT_1.18.0/GNU-tools-for-STM32/bin/../lib/gcc/arm-none-eabi/13.3.1/thumb/v7e-m+fp/hard/crti.o
                0x08006374                _init
 .init          0x08006378        0x8 C:/ST/STM32CubeCLT_1.18.0/GNU-tools-for-STM32/bin/../lib/gcc/arm-none-eabi/13.3.1/thumb/v7e-m+fp/hard/crtn.o
 *(.fini)
 .fini          0x08006380        0x4 C:/ST/STM32CubeCLT_1.18.0/GNU-tools-for-STM32/bin/../lib/gcc/arm-none-eabi/13.3.1/thumb/v7e-m+fp/hard/crti.o
                0x08006380                _fini
 .fini          0x08006384        0x8 C:/ST/STM32CubeCLT_1.18.0/GNU-tools-for-STM32/bin/../lib/gcc/arm-none-eabi/13.3.1/thumb/v7e-m+fp/hard/crtn.o
                0x08006390                        . = ALIGN (0x8)
 *fill*         0x0800638c        0x4 
                0x08006390                        _etext = .

.vfp11_veneer   0x08006390        0x0
 .vfp11_veneer  0x08006390        0x0 linker stubs

.v4_bx          0x08006390        0x0
 .v4_bx         0x08006390        0x0 linker stubs

.iplt           0x08006390        0x0
 .iplt          0x08006390        0x0 C:/ST/STM32CubeCLT_1.18.0/GNU-tools-for-STM32/bin/../lib/gcc/arm-none-eabi/13.3.1/thumb/v7e-m+fp/hard/crtbegin.o

.rodata         0x08006390       0x70
                0x08006390                        . = ALIGN (0x8)
 *(.rodata)
 .rodata        0x08006390        0x5 cmake/stm32cubemx/CMakeFiles/FreeRTOS.dir/__/__/Middlewares/Third_Party/FreeRTOS/Source/tasks.c.obj
 *fill*         0x08006395        0x3 
 .rodata        0x08006398        0xd cmake/stm32cubemx/CMakeFiles/FreeRTOS.dir/__/__/Middlewares/Third_Party/FreeRTOS/Source/timers.c.obj
 *fill*         0x080063a5        0x3 
 .rodata        0x080063a8       0x10 CMakeFiles/blinky.dir/Core/Src/main.cpp.obj
 *(.rodata*)
 .rodata.AHBPrescTable
                0x080063b8       0x10 cmake/stm32cubemx/CMakeFiles/STM32_Drivers.dir/__/__/Core/Src/system_stm32l4xx.c.obj
                0x080063b8                AHBPrescTable
 .rodata.APBPrescTable
                0x080063c8        0x8 cmake/stm32cubemx/CMakeFiles/STM32_Drivers.dir/__/__/Core/Src/system_stm32l4xx.c.obj
                0x080063c8                APBPrescTable
 .rodata.MSIRangeTable
                0x080063d0       0x30 cmake/stm32cubemx/CMakeFiles/STM32_Drivers.dir/__/__/Core/Src/system_stm32l4xx.c.obj
                0x080063d0                MSIRangeTable
                0x08006400                        . = ALIGN (0x8)

.ARM.extab      0x08006400        0x0
                0x08006400                        . = ALIGN (0x8)
 *(.ARM.extab* .gnu.linkonce.armextab.*)
                0x08006400                        . = ALIGN (0x8)

.ARM            0x08006400        0x8
                0x08006400                        . = ALIGN (0x8)
                0x08006400                        __exidx_start = .
 *(.ARM.exidx*)
 .ARM.exidx     0x08006400        0x8 C:/ST/STM32CubeCLT_1.18.0/GNU-tools-for-STM32/bin/../lib/gcc/arm-none-eabi/13.3.1/thumb/v7e-m+fp/hard\libgcc.a(_udivmoddi4.o)
                0x08006408                        __exidx_end = .
                0x08006408                        . = ALIGN (0x8)

.preinit_array  0x08006408        0x0
                0x08006408                        . = ALIGN (0x8)
                0x08006408                        PROVIDE (__preinit_array_start = .)
 *(.preinit_array*)
                0x08006408                        PROVIDE (__preinit_array_end = .)
                0x08006408                        . = ALIGN (0x8)

.init_array     0x08006408        0x8
                0x08006408                        . = ALIGN (0x8)
                0x08006408                        PROVIDE (__init_array_start = .)
 *(SORT_BY_NAME(.init_array.*))
 *(.init_array*)
 .init_array    0x08006408        0x4 C:/ST/STM32CubeCLT_1.18.0/GNU-tools-for-STM32/bin/../lib/gcc/arm-none-eabi/13.3.1/thumb/v7e-m+fp/hard/crtbegin.o
                0x0800640c                        PROVIDE (__init_array_end = .)
                0x08006410                        . = ALIGN (0x8)
 *fill*         0x0800640c        0x4 

.fini_array     0x08006410        0x8
                0x08006410                        . = ALIGN (0x8)
                [!provide]                        PROVIDE (__fini_array_start = .)
 *(SORT_BY_NAME(.fini_array.*))
 *(.fini_array*)
 .fini_array    0x08006410        0x4 C:/ST/STM32CubeCLT_1.18.0/GNU-tools-for-STM32/bin/../lib/gcc/arm-none-eabi/13.3.1/thumb/v7e-m+fp/hard/crtbegin.o
                [!provide]                        PROVIDE (__fini_array_end = .)
                0x08006418                        . = ALIGN (0x8)
 *fill*         0x08006414        0x4 
                0x08006418                        _sidata = LOADADDR (.data)

.rel.dyn        0x08006418        0x0
 .rel.iplt      0x08006418        0x0 C:/ST/STM32CubeCLT_1.18.0/GNU-tools-for-STM32/bin/../lib/gcc/arm-none-eabi/13.3.1/thumb/v7e-m+fp/hard/crtbegin.o

.data           0x20000000       0x10 load address 0x08006418
                0x20000000                        . = ALIGN (0x8)
                0x20000000                        _sdata = .
 *(.data)
 *(.data*)
 .data.SystemCoreClock
                0x20000000        0x4 cmake/stm32cubemx/CMakeFiles/STM32_Drivers.dir/__/__/Core/Src/system_stm32l4xx.c.obj
                0x20000000                SystemCoreClock
 .data.uwTickPrio
                0x20000004        0x4 cmake/stm32cubemx/CMakeFiles/STM32_Drivers.dir/__/__/Drivers/STM32L4xx_HAL_Driver/Src/stm32l4xx_hal.c.obj
                0x20000004                uwTickPrio
 .data.uwTickFreq
                0x20000008        0x1 cmake/stm32cubemx/CMakeFiles/STM32_Drivers.dir/__/__/Drivers/STM32L4xx_HAL_Driver/Src/stm32l4xx_hal.c.obj
                0x20000008                uwTickFreq
 *fill*         0x20000009        0x3 
 .data.uxCriticalNesting
                0x2000000c        0x4 cmake/stm32cubemx/CMakeFiles/FreeRTOS.dir/__/__/Middlewares/Third_Party/FreeRTOS/Source/portable/GCC/ARM_CM4F/port.c.obj
 *(.RamFunc)
 *(.RamFunc*)
                0x20000010                        . = ALIGN (0x8)

.igot.plt       0x20000010        0x0 load address 0x08006428
 .igot.plt      0x20000010        0x0 C:/ST/STM32CubeCLT_1.18.0/GNU-tools-for-STM32/bin/../lib/gcc/arm-none-eabi/13.3.1/thumb/v7e-m+fp/hard/crtbegin.o

.tdata          0x20000010        0x0 load address 0x08006428
 *(.tdata .tdata.* .gnu.linkonce.td.*)
                0x20000010                        . = ALIGN (0x4)
                0x20000010                        _edata = .
                [!provide]                        PROVIDE (__data_end = .)
                [!provide]                        PROVIDE (__tdata_end = .)
                [!provide]                        PROVIDE (__tdata_start = ADDR (.tdata))
                [!provide]                        PROVIDE (__tdata_size = (__tdata_end - __tdata_start))
                [!provide]                        PROVIDE (__data_start = ADDR (.data))
                [!provide]                        PROVIDE (__data_size = (__data_end - __data_start))
                [!provide]                        PROVIDE (__tdata_source = LOADADDR (.tdata))
                [!provide]                        PROVIDE (__tdata_source_end = (LOADADDR (.tdata) + SIZEOF (.tdata)))
                [!provide]                        PROVIDE (__tdata_source_size = (__tdata_source_end - __tdata_source))
                [!provide]                        PROVIDE (__data_source = LOADADDR (.data))
                [!provide]                        PROVIDE (__data_source_end = __tdata_source_end)
                [!provide]                        PROVIDE (__data_source_size = (__data_source_end - __data_source))

.tbss           0x20000010        0x0 load address 0x08006428
                0x20000010                        _sbss = .
                0x20000010                        __bss_start__ = _sbss
 *(.tbss .tbss.*)
                0x20000010                        . = ALIGN (0x4)
                [!provide]                        PROVIDE (__tbss_end = .)
                [!provide]                        PROVIDE (__tbss_start = ADDR (.tbss))
                [!provide]                        PROVIDE (__tbss_size = (__tbss_end - __tbss_start))
                [!provide]                        PROVIDE (__tbss_offset = (ADDR (.tbss) - ADDR (.tdata)))
                [!provide]                        PROVIDE (__tls_base = __tdata_start)
                [!provide]                        PROVIDE (__tls_end = __tbss_end)
                [!provide]                        PROVIDE (__tls_size = (__tls_end - __tls_base))
                [!provide]                        PROVIDE (__tls_align = MAX (ALIGNOF (.tdata), ALIGNOF (.tbss)))
                [!provide]                        PROVIDE (__tls_size_align = (((__tls_size + __tls_align) - 0x1) & ~ ((__tls_align - 0x1))))
                [!provide]                        PROVIDE (__arm32_tls_tcb_offset = MAX (0x8, __tls_align))
                [!provide]                        PROVIDE (__arm64_tls_tcb_offset = MAX (0x10, __tls_align))

.bss            0x20000010     0x1a04 load address 0x08006428
 *(.bss)
 .bss           0x20000010       0x1c C:/ST/STM32CubeCLT_1.18.0/GNU-tools-for-STM32/bin/../lib/gcc/arm-none-eabi/13.3.1/thumb/v7e-m+fp/hard/crtbegin.o
 *(.bss*)
 .bss.uwTick    0x2000002c        0x4 cmake/stm32cubemx/CMakeFiles/STM32_Drivers.dir/__/__/Drivers/STM32L4xx_HAL_Driver/Src/stm32l4xx_hal.c.obj
                0x2000002c                uwTick
 .bss.xQueueRegistry
                0x20000030       0x40 cmake/stm32cubemx/CMakeFiles/FreeRTOS.dir/__/__/Middlewares/Third_Party/FreeRTOS/Source/queue.c.obj
                0x20000030                xQueueRegistry
 .bss.pxCurrentTCB
                0x20000070        0x4 cmake/stm32cubemx/CMakeFiles/FreeRTOS.dir/__/__/Middlewares/Third_Party/FreeRTOS/Source/tasks.c.obj
                0x20000070                pxCurrentTCB
 .bss.pxReadyTasksLists
                0x20000074      0x460 cmake/stm32cubemx/CMakeFiles/FreeRTOS.dir/__/__/Middlewares/Third_Party/FreeRTOS/Source/tasks.c.obj
 .bss.xDelayedTaskList1
                0x200004d4       0x14 cmake/stm32cubemx/CMakeFiles/FreeRTOS.dir/__/__/Middlewares/Third_Party/FreeRTOS/Source/tasks.c.obj
 .bss.xDelayedTaskList2
                0x200004e8       0x14 cmake/stm32cubemx/CMakeFiles/FreeRTOS.dir/__/__/Middlewares/Third_Party/FreeRTOS/Source/tasks.c.obj
 .bss.pxDelayedTaskList
                0x200004fc        0x4 cmake/stm32cubemx/CMakeFiles/FreeRTOS.dir/__/__/Middlewares/Third_Party/FreeRTOS/Source/tasks.c.obj
 .bss.pxOverflowDelayedTaskList
                0x20000500        0x4 cmake/stm32cubemx/CMakeFiles/FreeRTOS.dir/__/__/Middlewares/Third_Party/FreeRTOS/Source/tasks.c.obj
 .bss.xPendingReadyList
                0x20000504       0x14 cmake/stm32cubemx/CMakeFiles/FreeRTOS.dir/__/__/Middlewares/Third_Party/FreeRTOS/Source/tasks.c.obj
 .bss.xTasksWaitingTermination
                0x20000518       0x14 cmake/stm32cubemx/CMakeFiles/FreeRTOS.dir/__/__/Middlewares/Third_Party/FreeRTOS/Source/tasks.c.obj
 .bss.uxDeletedTasksWaitingCleanUp
                0x2000052c        0x4 cmake/stm32cubemx/CMakeFiles/FreeRTOS.dir/__/__/Middlewares/Third_Party/FreeRTOS/Source/tasks.c.obj
 .bss.xSuspendedTaskList
                0x20000530       0x14 cmake/stm32cubemx/CMakeFiles/FreeRTOS.dir/__/__/Middlewares/Third_Party/FreeRTOS/Source/tasks.c.obj
 .bss.uxCurrentNumberOfTasks
                0x20000544        0x4 cmake/stm32cubemx/CMakeFiles/FreeRTOS.dir/__/__/Middlewares/Third_Party/FreeRTOS/Source/tasks.c.obj
 .bss.xTickCount
                0x20000548        0x4 cmake/stm32cubemx/CMakeFiles/FreeRTOS.dir/__/__/Middlewares/Third_Party/FreeRTOS/Source/tasks.c.obj
 .bss.uxTopReadyPriority
                0x2000054c        0x4 cmake/stm32cubemx/CMakeFiles/FreeRTOS.dir/__/__/Middlewares/Third_Party/FreeRTOS/Source/tasks.c.obj
 .bss.xSchedulerRunning
                0x20000550        0x4 cmake/stm32cubemx/CMakeFiles/FreeRTOS.dir/__/__/Middlewares/Third_Party/FreeRTOS/Source/tasks.c.obj
 .bss.xPendedTicks
                0x20000554        0x4 cmake/stm32cubemx/CMakeFiles/FreeRTOS.dir/__/__/Middlewares/Third_Party/FreeRTOS/Source/tasks.c.obj
 .bss.xYieldPending
                0x20000558        0x4 cmake/stm32cubemx/CMakeFiles/FreeRTOS.dir/__/__/Middlewares/Third_Party/FreeRTOS/Source/tasks.c.obj
 .bss.xNumOfOverflows
                0x2000055c        0x4 cmake/stm32cubemx/CMakeFiles/FreeRTOS.dir/__/__/Middlewares/Third_Party/FreeRTOS/Source/tasks.c.obj
 .bss.uxTaskNumber
                0x20000560        0x4 cmake/stm32cubemx/CMakeFiles/FreeRTOS.dir/__/__/Middlewares/Third_Party/FreeRTOS/Source/tasks.c.obj
 .bss.xNextTaskUnblockTime
                0x20000564        0x4 cmake/stm32cubemx/CMakeFiles/FreeRTOS.dir/__/__/Middlewares/Third_Party/FreeRTOS/Source/tasks.c.obj
 .bss.xIdleTaskHandle
                0x20000568        0x4 cmake/stm32cubemx/CMakeFiles/FreeRTOS.dir/__/__/Middlewares/Third_Party/FreeRTOS/Source/tasks.c.obj
 .bss.uxSchedulerSuspended
                0x2000056c        0x4 cmake/stm32cubemx/CMakeFiles/FreeRTOS.dir/__/__/Middlewares/Third_Party/FreeRTOS/Source/tasks.c.obj
 .bss.xActiveTimerList1
                0x20000570       0x14 cmake/stm32cubemx/CMakeFiles/FreeRTOS.dir/__/__/Middlewares/Third_Party/FreeRTOS/Source/timers.c.obj
 .bss.xActiveTimerList2
                0x20000584       0x14 cmake/stm32cubemx/CMakeFiles/FreeRTOS.dir/__/__/Middlewares/Third_Party/FreeRTOS/Source/timers.c.obj
 .bss.pxCurrentTimerList
                0x20000598        0x4 cmake/stm32cubemx/CMakeFiles/FreeRTOS.dir/__/__/Middlewares/Third_Party/FreeRTOS/Source/timers.c.obj
 .bss.pxOverflowTimerList
                0x2000059c        0x4 cmake/stm32cubemx/CMakeFiles/FreeRTOS.dir/__/__/Middlewares/Third_Party/FreeRTOS/Source/timers.c.obj
 .bss.xTimerQueue
                0x200005a0        0x4 cmake/stm32cubemx/CMakeFiles/FreeRTOS.dir/__/__/Middlewares/Third_Party/FreeRTOS/Source/timers.c.obj
 .bss.xTimerTaskHandle
                0x200005a4        0x4 cmake/stm32cubemx/CMakeFiles/FreeRTOS.dir/__/__/Middlewares/Third_Party/FreeRTOS/Source/timers.c.obj
 .bss.xLastTime.2
                0x200005a8        0x4 cmake/stm32cubemx/CMakeFiles/FreeRTOS.dir/__/__/Middlewares/Third_Party/FreeRTOS/Source/timers.c.obj
 .bss.ucStaticTimerQueueStorage.1
                0x200005ac       0xa0 cmake/stm32cubemx/CMakeFiles/FreeRTOS.dir/__/__/Middlewares/Third_Party/FreeRTOS/Source/timers.c.obj
 .bss.xStaticTimerQueue.0
                0x2000064c       0x50 cmake/stm32cubemx/CMakeFiles/FreeRTOS.dir/__/__/Middlewares/Third_Party/FreeRTOS/Source/timers.c.obj
 .bss.KernelState
                0x2000069c        0x4 cmake/stm32cubemx/CMakeFiles/FreeRTOS.dir/__/__/Middlewares/Third_Party/FreeRTOS/Source/CMSIS_RTOS_V2/cmsis_os2.c.obj
 .bss.Idle_TCB.3
                0x200006a0       0x5c cmake/stm32cubemx/CMakeFiles/FreeRTOS.dir/__/__/Middlewares/Third_Party/FreeRTOS/Source/CMSIS_RTOS_V2/cmsis_os2.c.obj
 .bss.Idle_Stack.2
                0x200006fc      0x200 cmake/stm32cubemx/CMakeFiles/FreeRTOS.dir/__/__/Middlewares/Third_Party/FreeRTOS/Source/CMSIS_RTOS_V2/cmsis_os2.c.obj
 .bss.Timer_TCB.1
                0x200008fc       0x5c cmake/stm32cubemx/CMakeFiles/FreeRTOS.dir/__/__/Middlewares/Third_Party/FreeRTOS/Source/CMSIS_RTOS_V2/cmsis_os2.c.obj
 .bss.Timer_Stack.0
                0x20000958      0x400 cmake/stm32cubemx/CMakeFiles/FreeRTOS.dir/__/__/Middlewares/Third_Party/FreeRTOS/Source/CMSIS_RTOS_V2/cmsis_os2.c.obj
 .bss.ucHeap    0x20000d58      0xbb8 cmake/stm32cubemx/CMakeFiles/FreeRTOS.dir/__/__/Middlewares/Third_Party/FreeRTOS/Source/portable/MemMang/heap_4.c.obj
 .bss.xStart    0x20001910        0x8 cmake/stm32cubemx/CMakeFiles/FreeRTOS.dir/__/__/Middlewares/Third_Party/FreeRTOS/Source/portable/MemMang/heap_4.c.obj
 .bss.pxEnd     0x20001918        0x4 cmake/stm32cubemx/CMakeFiles/FreeRTOS.dir/__/__/Middlewares/Third_Party/FreeRTOS/Source/portable/MemMang/heap_4.c.obj
 .bss.xFreeBytesRemaining
                0x2000191c        0x4 cmake/stm32cubemx/CMakeFiles/FreeRTOS.dir/__/__/Middlewares/Third_Party/FreeRTOS/Source/portable/MemMang/heap_4.c.obj
 .bss.xMinimumEverFreeBytesRemaining
                0x20001920        0x4 cmake/stm32cubemx/CMakeFiles/FreeRTOS.dir/__/__/Middlewares/Third_Party/FreeRTOS/Source/portable/MemMang/heap_4.c.obj
 .bss.xNumberOfSuccessfulAllocations
                0x20001924        0x4 cmake/stm32cubemx/CMakeFiles/FreeRTOS.dir/__/__/Middlewares/Third_Party/FreeRTOS/Source/portable/MemMang/heap_4.c.obj
 .bss.xNumberOfSuccessfulFrees
                0x20001928        0x4 cmake/stm32cubemx/CMakeFiles/FreeRTOS.dir/__/__/Middlewares/Third_Party/FreeRTOS/Source/portable/MemMang/heap_4.c.obj
 .bss.xBlockAllocatedBit
                0x2000192c        0x4 cmake/stm32cubemx/CMakeFiles/FreeRTOS.dir/__/__/Middlewares/Third_Party/FreeRTOS/Source/portable/MemMang/heap_4.c.obj
 .bss.ucMaxSysCallPriority
                0x20001930        0x1 cmake/stm32cubemx/CMakeFiles/FreeRTOS.dir/__/__/Middlewares/Third_Party/FreeRTOS/Source/portable/GCC/ARM_CM4F/port.c.obj
 *fill*         0x20001931        0x3 
 .bss.ulMaxPRIGROUPValue
                0x20001934        0x4 cmake/stm32cubemx/CMakeFiles/FreeRTOS.dir/__/__/Middlewares/Third_Party/FreeRTOS/Source/portable/GCC/ARM_CM4F/port.c.obj
 .bss.huart2    0x20001938       0x88 CMakeFiles/blinky.dir/Core/Src/main.cpp.obj
                0x20001938                huart2
 .bss.blink01Handle
                0x200019c0        0x4 CMakeFiles/blinky.dir/Core/Src/main.cpp.obj
                0x200019c0                blink01Handle
 .bss.blink02Handle
                0x200019c4        0x4 CMakeFiles/blinky.dir/Core/Src/main.cpp.obj
                0x200019c4                blink02Handle
 .bss.htim6     0x200019c8       0x4c CMakeFiles/blinky.dir/Core/Src/stm32l4xx_hal_timebase_tim.c.obj
                0x200019c8                htim6
 *(COMMON)
                0x20001a14                        . = ALIGN (0x4)
                0x20001a14                        _ebss = .
                0x20001a14                        __bss_end__ = _ebss
                [!provide]                        PROVIDE (__bss_end = .)
                [!provide]                        PROVIDE (__non_tls_bss_start = ADDR (.bss))
                [!provide]                        PROVIDE (__bss_start = __tbss_start)
                [!provide]                        PROVIDE (__bss_size = (__bss_end - __bss_start))

._user_heap_stack
                0x20001a14      0x604 load address 0x08006428
                0x20001a18                        . = ALIGN (0x8)
 *fill*         0x20001a14        0x4 
                [!provide]                        PROVIDE (end = .)
                0x20001a18                        PROVIDE (_end = .)
                0x20001c18                        . = (. + _Min_Heap_Size)
 *fill*         0x20001a18      0x200 
                0x20002018                        . = (. + _Min_Stack_Size)
 *fill*         0x20001c18      0x400 
                0x20002018                        . = ALIGN (0x8)

/DISCARD/
 libc.a:*(*)
 libm.a:*(*)
 libgcc.a:*(*)
OUTPUT(blinky.elf elf32-littlearm)
LOAD linker stubs

.ARM.attributes
                0x00000000       0x30
 .ARM.attributes
                0x00000000       0x22 C:/ST/STM32CubeCLT_1.18.0/GNU-tools-for-STM32/bin/../lib/gcc/arm-none-eabi/13.3.1/thumb/v7e-m+fp/hard/crti.o
 .ARM.attributes
                0x00000022       0x34 C:/ST/STM32CubeCLT_1.18.0/GNU-tools-for-STM32/bin/../lib/gcc/arm-none-eabi/13.3.1/thumb/v7e-m+fp/hard/crtbegin.o
 .ARM.attributes
                0x00000056       0x34 cmake/stm32cubemx/CMakeFiles/STM32_Drivers.dir/__/__/Core/Src/system_stm32l4xx.c.obj
 .ARM.attributes
                0x0000008a       0x34 cmake/stm32cubemx/CMakeFiles/STM32_Drivers.dir/__/__/Drivers/STM32L4xx_HAL_Driver/Src/stm32l4xx_hal_tim.c.obj
 .ARM.attributes
                0x000000be       0x34 cmake/stm32cubemx/CMakeFiles/STM32_Drivers.dir/__/__/Drivers/STM32L4xx_HAL_Driver/Src/stm32l4xx_hal_tim_ex.c.obj
 .ARM.attributes
                0x000000f2       0x34 cmake/stm32cubemx/CMakeFiles/STM32_Drivers.dir/__/__/Drivers/STM32L4xx_HAL_Driver/Src/stm32l4xx_hal.c.obj
 .ARM.attributes
                0x00000126       0x34 cmake/stm32cubemx/CMakeFiles/STM32_Drivers.dir/__/__/Drivers/STM32L4xx_HAL_Driver/Src/stm32l4xx_hal_rcc.c.obj
 .ARM.attributes
                0x0000015a       0x34 cmake/stm32cubemx/CMakeFiles/STM32_Drivers.dir/__/__/Drivers/STM32L4xx_HAL_Driver/Src/stm32l4xx_hal_rcc_ex.c.obj
 .ARM.attributes
                0x0000018e       0x34 cmake/stm32cubemx/CMakeFiles/STM32_Drivers.dir/__/__/Drivers/STM32L4xx_HAL_Driver/Src/stm32l4xx_hal_gpio.c.obj
 .ARM.attributes
                0x000001c2       0x34 cmake/stm32cubemx/CMakeFiles/STM32_Drivers.dir/__/__/Drivers/STM32L4xx_HAL_Driver/Src/stm32l4xx_hal_pwr_ex.c.obj
 .ARM.attributes
                0x000001f6       0x34 cmake/stm32cubemx/CMakeFiles/STM32_Drivers.dir/__/__/Drivers/STM32L4xx_HAL_Driver/Src/stm32l4xx_hal_cortex.c.obj
 .ARM.attributes
                0x0000022a       0x34 cmake/stm32cubemx/CMakeFiles/STM32_Drivers.dir/__/__/Drivers/STM32L4xx_HAL_Driver/Src/stm32l4xx_hal_uart.c.obj
 .ARM.attributes
                0x0000025e       0x34 cmake/stm32cubemx/CMakeFiles/FreeRTOS.dir/__/__/Middlewares/Third_Party/FreeRTOS/Source/list.c.obj
 .ARM.attributes
                0x00000292       0x34 cmake/stm32cubemx/CMakeFiles/FreeRTOS.dir/__/__/Middlewares/Third_Party/FreeRTOS/Source/queue.c.obj
 .ARM.attributes
                0x000002c6       0x34 cmake/stm32cubemx/CMakeFiles/FreeRTOS.dir/__/__/Middlewares/Third_Party/FreeRTOS/Source/tasks.c.obj
 .ARM.attributes
                0x000002fa       0x34 cmake/stm32cubemx/CMakeFiles/FreeRTOS.dir/__/__/Middlewares/Third_Party/FreeRTOS/Source/timers.c.obj
 .ARM.attributes
                0x0000032e       0x34 cmake/stm32cubemx/CMakeFiles/FreeRTOS.dir/__/__/Middlewares/Third_Party/FreeRTOS/Source/CMSIS_RTOS_V2/cmsis_os2.c.obj
 .ARM.attributes
                0x00000362       0x34 cmake/stm32cubemx/CMakeFiles/FreeRTOS.dir/__/__/Middlewares/Third_Party/FreeRTOS/Source/portable/MemMang/heap_4.c.obj
 .ARM.attributes
                0x00000396       0x34 cmake/stm32cubemx/CMakeFiles/FreeRTOS.dir/__/__/Middlewares/Third_Party/FreeRTOS/Source/portable/GCC/ARM_CM4F/port.c.obj
 .ARM.attributes
                0x000003ca       0x34 CMakeFiles/blinky.dir/Core/Src/main.cpp.obj
 .ARM.attributes
                0x000003fe       0x34 CMakeFiles/blinky.dir/Core/Src/stm32l4xx_it.c.obj
 .ARM.attributes
                0x00000432       0x34 CMakeFiles/blinky.dir/Core/Src/stm32l4xx_hal_msp.c.obj
 .ARM.attributes
                0x00000466       0x34 CMakeFiles/blinky.dir/Core/Src/stm32l4xx_hal_timebase_tim.c.obj
 .ARM.attributes
                0x0000049a       0x21 CMakeFiles/blinky.dir/startup_stm32l476xx.s.obj
 .ARM.attributes
                0x000004bb       0x22 C:/ST/STM32CubeCLT_1.18.0/GNU-tools-for-STM32/bin/../lib/gcc/arm-none-eabi/13.3.1/thumb/v7e-m+fp/hard\libgcc.a(_aeabi_uldivmod.o)
 .ARM.attributes
                0x000004dd       0x34 C:/ST/STM32CubeCLT_1.18.0/GNU-tools-for-STM32/bin/../lib/gcc/arm-none-eabi/13.3.1/thumb/v7e-m+fp/hard\libgcc.a(_udivmoddi4.o)
 .ARM.attributes
                0x00000511       0x22 C:/ST/STM32CubeCLT_1.18.0/GNU-tools-for-STM32/bin/../lib/gcc/arm-none-eabi/13.3.1/thumb/v7e-m+fp/hard\libgcc.a(_dvmd_tls.o)
 .ARM.attributes
                0x00000533       0x34 C:/ST/STM32CubeCLT_1.18.0/GNU-tools-for-STM32/bin/../lib/gcc/arm-none-eabi/13.3.1/../../../../arm-none-eabi/lib/thumb/v7e-m+fp/hard\libg_nano.a(libc_a-memset.o)
 .ARM.attributes
                0x00000567       0x34 C:/ST/STM32CubeCLT_1.18.0/GNU-tools-for-STM32/bin/../lib/gcc/arm-none-eabi/13.3.1/../../../../arm-none-eabi/lib/thumb/v7e-m+fp/hard\libg_nano.a(libc_a-init.o)
 .ARM.attributes
                0x0000059b       0x34 C:/ST/STM32CubeCLT_1.18.0/GNU-tools-for-STM32/bin/../lib/gcc/arm-none-eabi/13.3.1/../../../../arm-none-eabi/lib/thumb/v7e-m+fp/hard\libg_nano.a(libc_a-memcpy-stub.o)
 .ARM.attributes
                0x000005cf       0x22 C:/ST/STM32CubeCLT_1.18.0/GNU-tools-for-STM32/bin/../lib/gcc/arm-none-eabi/13.3.1/thumb/v7e-m+fp/hard/crtn.o

.comment        0x00000000       0x43
 .comment       0x00000000       0x43 cmake/stm32cubemx/CMakeFiles/STM32_Drivers.dir/__/__/Core/Src/system_stm32l4xx.c.obj
                                 0x44 (size before relaxing)
 .comment       0x00000043       0x44 cmake/stm32cubemx/CMakeFiles/STM32_Drivers.dir/__/__/Drivers/STM32L4xx_HAL_Driver/Src/stm32l4xx_hal_tim.c.obj
 .comment       0x00000043       0x44 cmake/stm32cubemx/CMakeFiles/STM32_Drivers.dir/__/__/Drivers/STM32L4xx_HAL_Driver/Src/stm32l4xx_hal_tim_ex.c.obj
 .comment       0x00000043       0x44 cmake/stm32cubemx/CMakeFiles/STM32_Drivers.dir/__/__/Drivers/STM32L4xx_HAL_Driver/Src/stm32l4xx_hal.c.obj
 .comment       0x00000043       0x44 cmake/stm32cubemx/CMakeFiles/STM32_Drivers.dir/__/__/Drivers/STM32L4xx_HAL_Driver/Src/stm32l4xx_hal_rcc.c.obj
 .comment       0x00000043       0x44 cmake/stm32cubemx/CMakeFiles/STM32_Drivers.dir/__/__/Drivers/STM32L4xx_HAL_Driver/Src/stm32l4xx_hal_rcc_ex.c.obj
 .comment       0x00000043       0x44 cmake/stm32cubemx/CMakeFiles/STM32_Drivers.dir/__/__/Drivers/STM32L4xx_HAL_Driver/Src/stm32l4xx_hal_gpio.c.obj
 .comment       0x00000043       0x44 cmake/stm32cubemx/CMakeFiles/STM32_Drivers.dir/__/__/Drivers/STM32L4xx_HAL_Driver/Src/stm32l4xx_hal_pwr_ex.c.obj
 .comment       0x00000043       0x44 cmake/stm32cubemx/CMakeFiles/STM32_Drivers.dir/__/__/Drivers/STM32L4xx_HAL_Driver/Src/stm32l4xx_hal_cortex.c.obj
 .comment       0x00000043       0x44 cmake/stm32cubemx/CMakeFiles/STM32_Drivers.dir/__/__/Drivers/STM32L4xx_HAL_Driver/Src/stm32l4xx_hal_uart.c.obj
 .comment       0x00000043       0x44 cmake/stm32cubemx/CMakeFiles/FreeRTOS.dir/__/__/Middlewares/Third_Party/FreeRTOS/Source/list.c.obj
 .comment       0x00000043       0x44 cmake/stm32cubemx/CMakeFiles/FreeRTOS.dir/__/__/Middlewares/Third_Party/FreeRTOS/Source/queue.c.obj
 .comment       0x00000043       0x44 cmake/stm32cubemx/CMakeFiles/FreeRTOS.dir/__/__/Middlewares/Third_Party/FreeRTOS/Source/tasks.c.obj
 .comment       0x00000043       0x44 cmake/stm32cubemx/CMakeFiles/FreeRTOS.dir/__/__/Middlewares/Third_Party/FreeRTOS/Source/timers.c.obj
 .comment       0x00000043       0x44 cmake/stm32cubemx/CMakeFiles/FreeRTOS.dir/__/__/Middlewares/Third_Party/FreeRTOS/Source/CMSIS_RTOS_V2/cmsis_os2.c.obj
 .comment       0x00000043       0x44 cmake/stm32cubemx/CMakeFiles/FreeRTOS.dir/__/__/Middlewares/Third_Party/FreeRTOS/Source/portable/MemMang/heap_4.c.obj
 .comment       0x00000043       0x44 cmake/stm32cubemx/CMakeFiles/FreeRTOS.dir/__/__/Middlewares/Third_Party/FreeRTOS/Source/portable/GCC/ARM_CM4F/port.c.obj
 .comment       0x00000043       0x44 CMakeFiles/blinky.dir/Core/Src/main.cpp.obj
 .comment       0x00000043       0x44 CMakeFiles/blinky.dir/Core/Src/stm32l4xx_it.c.obj
 .comment       0x00000043       0x44 CMakeFiles/blinky.dir/Core/Src/stm32l4xx_hal_msp.c.obj
 .comment       0x00000043       0x44 CMakeFiles/blinky.dir/Core/Src/stm32l4xx_hal_timebase_tim.c.obj
 .comment       0x00000043       0x44 C:/ST/STM32CubeCLT_1.18.0/GNU-tools-for-STM32/bin/../lib/gcc/arm-none-eabi/13.3.1/../../../../arm-none-eabi/lib/thumb/v7e-m+fp/hard\libg_nano.a(libc_a-memset.o)
 .comment       0x00000043       0x44 C:/ST/STM32CubeCLT_1.18.0/GNU-tools-for-STM32/bin/../lib/gcc/arm-none-eabi/13.3.1/../../../../arm-none-eabi/lib/thumb/v7e-m+fp/hard\libg_nano.a(libc_a-init.o)
 .comment       0x00000043       0x44 C:/ST/STM32CubeCLT_1.18.0/GNU-tools-for-STM32/bin/../lib/gcc/arm-none-eabi/13.3.1/../../../../arm-none-eabi/lib/thumb/v7e-m+fp/hard\libg_nano.a(libc_a-memcpy-stub.o)

.debug_info     0x00000000    0x19dbf
 .debug_info    0x00000000      0x5b1 cmake/stm32cubemx/CMakeFiles/STM32_Drivers.dir/__/__/Core/Src/system_stm32l4xx.c.obj
 .debug_info    0x000005b1     0x2a9a cmake/stm32cubemx/CMakeFiles/STM32_Drivers.dir/__/__/Drivers/STM32L4xx_HAL_Driver/Src/stm32l4xx_hal_tim.c.obj
 .debug_info    0x0000304b     0x169e cmake/stm32cubemx/CMakeFiles/STM32_Drivers.dir/__/__/Drivers/STM32L4xx_HAL_Driver/Src/stm32l4xx_hal_tim_ex.c.obj
 .debug_info    0x000046e9      0xc09 cmake/stm32cubemx/CMakeFiles/STM32_Drivers.dir/__/__/Drivers/STM32L4xx_HAL_Driver/Src/stm32l4xx_hal.c.obj
 .debug_info    0x000052f2      0xc14 cmake/stm32cubemx/CMakeFiles/STM32_Drivers.dir/__/__/Drivers/STM32L4xx_HAL_Driver/Src/stm32l4xx_hal_rcc.c.obj
 .debug_info    0x00005f06      0xe11 cmake/stm32cubemx/CMakeFiles/STM32_Drivers.dir/__/__/Drivers/STM32L4xx_HAL_Driver/Src/stm32l4xx_hal_rcc_ex.c.obj
 .debug_info    0x00006d17      0x757 cmake/stm32cubemx/CMakeFiles/STM32_Drivers.dir/__/__/Drivers/STM32L4xx_HAL_Driver/Src/stm32l4xx_hal_gpio.c.obj
 .debug_info    0x0000746e      0x99e cmake/stm32cubemx/CMakeFiles/STM32_Drivers.dir/__/__/Drivers/STM32L4xx_HAL_Driver/Src/stm32l4xx_hal_pwr_ex.c.obj
 .debug_info    0x00007e0c      0xd81 cmake/stm32cubemx/CMakeFiles/STM32_Drivers.dir/__/__/Drivers/STM32L4xx_HAL_Driver/Src/stm32l4xx_hal_cortex.c.obj
 .debug_info    0x00008b8d     0x3b69 cmake/stm32cubemx/CMakeFiles/STM32_Drivers.dir/__/__/Drivers/STM32L4xx_HAL_Driver/Src/stm32l4xx_hal_uart.c.obj
 .debug_info    0x0000c6f6      0x2af cmake/stm32cubemx/CMakeFiles/FreeRTOS.dir/__/__/Middlewares/Third_Party/FreeRTOS/Source/list.c.obj
 .debug_info    0x0000c9a5     0x1b79 cmake/stm32cubemx/CMakeFiles/FreeRTOS.dir/__/__/Middlewares/Third_Party/FreeRTOS/Source/queue.c.obj
 .debug_info    0x0000e51e     0x21ec cmake/stm32cubemx/CMakeFiles/FreeRTOS.dir/__/__/Middlewares/Third_Party/FreeRTOS/Source/tasks.c.obj
 .debug_info    0x0001070a     0x1488 cmake/stm32cubemx/CMakeFiles/FreeRTOS.dir/__/__/Middlewares/Third_Party/FreeRTOS/Source/timers.c.obj
 .debug_info    0x00011b92     0x3a71 cmake/stm32cubemx/CMakeFiles/FreeRTOS.dir/__/__/Middlewares/Third_Party/FreeRTOS/Source/CMSIS_RTOS_V2/cmsis_os2.c.obj
 .debug_info    0x00015603      0x4d5 cmake/stm32cubemx/CMakeFiles/FreeRTOS.dir/__/__/Middlewares/Third_Party/FreeRTOS/Source/portable/MemMang/heap_4.c.obj
 .debug_info    0x00015ad8      0x4de cmake/stm32cubemx/CMakeFiles/FreeRTOS.dir/__/__/Middlewares/Third_Party/FreeRTOS/Source/portable/GCC/ARM_CM4F/port.c.obj
 .debug_info    0x00015fb6     0x1803 CMakeFiles/blinky.dir/Core/Src/main.cpp.obj
 .debug_info    0x000177b9      0x6d1 CMakeFiles/blinky.dir/Core/Src/stm32l4xx_it.c.obj
 .debug_info    0x00017e8a      0xf7a CMakeFiles/blinky.dir/Core/Src/stm32l4xx_hal_msp.c.obj
 .debug_info    0x00018e04      0xc7f CMakeFiles/blinky.dir/Core/Src/stm32l4xx_hal_timebase_tim.c.obj
 .debug_info    0x00019a83       0x30 CMakeFiles/blinky.dir/startup_stm32l476xx.s.obj
 .debug_info    0x00019ab3       0xe0 C:/ST/STM32CubeCLT_1.18.0/GNU-tools-for-STM32/bin/../lib/gcc/arm-none-eabi/13.3.1/../../../../arm-none-eabi/lib/thumb/v7e-m+fp/hard\libg_nano.a(libc_a-memset.o)
 .debug_info    0x00019b93      0x10b C:/ST/STM32CubeCLT_1.18.0/GNU-tools-for-STM32/bin/../lib/gcc/arm-none-eabi/13.3.1/../../../../arm-none-eabi/lib/thumb/v7e-m+fp/hard\libg_nano.a(libc_a-init.o)
 .debug_info    0x00019c9e      0x121 C:/ST/STM32CubeCLT_1.18.0/GNU-tools-for-STM32/bin/../lib/gcc/arm-none-eabi/13.3.1/../../../../arm-none-eabi/lib/thumb/v7e-m+fp/hard\libg_nano.a(libc_a-memcpy-stub.o)

.debug_abbrev   0x00000000     0x36d6
 .debug_abbrev  0x00000000      0x11a cmake/stm32cubemx/CMakeFiles/STM32_Drivers.dir/__/__/Core/Src/system_stm32l4xx.c.obj
 .debug_abbrev  0x0000011a      0x278 cmake/stm32cubemx/CMakeFiles/STM32_Drivers.dir/__/__/Drivers/STM32L4xx_HAL_Driver/Src/stm32l4xx_hal_tim.c.obj
 .debug_abbrev  0x00000392      0x283 cmake/stm32cubemx/CMakeFiles/STM32_Drivers.dir/__/__/Drivers/STM32L4xx_HAL_Driver/Src/stm32l4xx_hal_tim_ex.c.obj
 .debug_abbrev  0x00000615      0x243 cmake/stm32cubemx/CMakeFiles/STM32_Drivers.dir/__/__/Drivers/STM32L4xx_HAL_Driver/Src/stm32l4xx_hal.c.obj
 .debug_abbrev  0x00000858      0x2cb cmake/stm32cubemx/CMakeFiles/STM32_Drivers.dir/__/__/Drivers/STM32L4xx_HAL_Driver/Src/stm32l4xx_hal_rcc.c.obj
 .debug_abbrev  0x00000b23      0x2a6 cmake/stm32cubemx/CMakeFiles/STM32_Drivers.dir/__/__/Drivers/STM32L4xx_HAL_Driver/Src/stm32l4xx_hal_rcc_ex.c.obj
 .debug_abbrev  0x00000dc9      0x1cb cmake/stm32cubemx/CMakeFiles/STM32_Drivers.dir/__/__/Drivers/STM32L4xx_HAL_Driver/Src/stm32l4xx_hal_gpio.c.obj
 .debug_abbrev  0x00000f94      0x1f9 cmake/stm32cubemx/CMakeFiles/STM32_Drivers.dir/__/__/Drivers/STM32L4xx_HAL_Driver/Src/stm32l4xx_hal_pwr_ex.c.obj
 .debug_abbrev  0x0000118d      0x31c cmake/stm32cubemx/CMakeFiles/STM32_Drivers.dir/__/__/Drivers/STM32L4xx_HAL_Driver/Src/stm32l4xx_hal_cortex.c.obj
 .debug_abbrev  0x000014a9      0x2d0 cmake/stm32cubemx/CMakeFiles/STM32_Drivers.dir/__/__/Drivers/STM32L4xx_HAL_Driver/Src/stm32l4xx_hal_uart.c.obj
 .debug_abbrev  0x00001779       0xf5 cmake/stm32cubemx/CMakeFiles/FreeRTOS.dir/__/__/Middlewares/Third_Party/FreeRTOS/Source/list.c.obj
 .debug_abbrev  0x0000186e      0x3b6 cmake/stm32cubemx/CMakeFiles/FreeRTOS.dir/__/__/Middlewares/Third_Party/FreeRTOS/Source/queue.c.obj
 .debug_abbrev  0x00001c24      0x386 cmake/stm32cubemx/CMakeFiles/FreeRTOS.dir/__/__/Middlewares/Third_Party/FreeRTOS/Source/tasks.c.obj
 .debug_abbrev  0x00001faa      0x352 cmake/stm32cubemx/CMakeFiles/FreeRTOS.dir/__/__/Middlewares/Third_Party/FreeRTOS/Source/timers.c.obj
 .debug_abbrev  0x000022fc      0x520 cmake/stm32cubemx/CMakeFiles/FreeRTOS.dir/__/__/Middlewares/Third_Party/FreeRTOS/Source/CMSIS_RTOS_V2/cmsis_os2.c.obj
 .debug_abbrev  0x0000281c      0x21d cmake/stm32cubemx/CMakeFiles/FreeRTOS.dir/__/__/Middlewares/Third_Party/FreeRTOS/Source/portable/MemMang/heap_4.c.obj
 .debug_abbrev  0x00002a39      0x25c cmake/stm32cubemx/CMakeFiles/FreeRTOS.dir/__/__/Middlewares/Third_Party/FreeRTOS/Source/portable/GCC/ARM_CM4F/port.c.obj
 .debug_abbrev  0x00002c95      0x2ab CMakeFiles/blinky.dir/Core/Src/main.cpp.obj
 .debug_abbrev  0x00002f40      0x17e CMakeFiles/blinky.dir/Core/Src/stm32l4xx_it.c.obj
 .debug_abbrev  0x000030be      0x1d8 CMakeFiles/blinky.dir/Core/Src/stm32l4xx_hal_msp.c.obj
 .debug_abbrev  0x00003296      0x1f4 CMakeFiles/blinky.dir/Core/Src/stm32l4xx_hal_timebase_tim.c.obj
 .debug_abbrev  0x0000348a       0x24 CMakeFiles/blinky.dir/startup_stm32l476xx.s.obj
 .debug_abbrev  0x000034ae       0x9e C:/ST/STM32CubeCLT_1.18.0/GNU-tools-for-STM32/bin/../lib/gcc/arm-none-eabi/13.3.1/../../../../arm-none-eabi/lib/thumb/v7e-m+fp/hard\libg_nano.a(libc_a-memset.o)
 .debug_abbrev  0x0000354c       0xc9 C:/ST/STM32CubeCLT_1.18.0/GNU-tools-for-STM32/bin/../lib/gcc/arm-none-eabi/13.3.1/../../../../arm-none-eabi/lib/thumb/v7e-m+fp/hard\libg_nano.a(libc_a-init.o)
 .debug_abbrev  0x00003615       0xc1 C:/ST/STM32CubeCLT_1.18.0/GNU-tools-for-STM32/bin/../lib/gcc/arm-none-eabi/13.3.1/../../../../arm-none-eabi/lib/thumb/v7e-m+fp/hard\libg_nano.a(libc_a-memcpy-stub.o)

.debug_aranges  0x00000000     0x16b8
 .debug_aranges
                0x00000000       0x28 cmake/stm32cubemx/CMakeFiles/STM32_Drivers.dir/__/__/Core/Src/system_stm32l4xx.c.obj
 .debug_aranges
                0x00000028      0x3e0 cmake/stm32cubemx/CMakeFiles/STM32_Drivers.dir/__/__/Drivers/STM32L4xx_HAL_Driver/Src/stm32l4xx_hal_tim.c.obj
 .debug_aranges
                0x00000408      0x180 cmake/stm32cubemx/CMakeFiles/STM32_Drivers.dir/__/__/Drivers/STM32L4xx_HAL_Driver/Src/stm32l4xx_hal_tim_ex.c.obj
 .debug_aranges
                0x00000588      0x130 cmake/stm32cubemx/CMakeFiles/STM32_Drivers.dir/__/__/Drivers/STM32L4xx_HAL_Driver/Src/stm32l4xx_hal.c.obj
 .debug_aranges
                0x000006b8       0x90 cmake/stm32cubemx/CMakeFiles/STM32_Drivers.dir/__/__/Drivers/STM32L4xx_HAL_Driver/Src/stm32l4xx_hal_rcc.c.obj
 .debug_aranges
                0x00000748       0xc0 cmake/stm32cubemx/CMakeFiles/STM32_Drivers.dir/__/__/Drivers/STM32L4xx_HAL_Driver/Src/stm32l4xx_hal_rcc_ex.c.obj
 .debug_aranges
                0x00000808       0x58 cmake/stm32cubemx/CMakeFiles/STM32_Drivers.dir/__/__/Drivers/STM32L4xx_HAL_Driver/Src/stm32l4xx_hal_gpio.c.obj
 .debug_aranges
                0x00000860      0x160 cmake/stm32cubemx/CMakeFiles/STM32_Drivers.dir/__/__/Drivers/STM32L4xx_HAL_Driver/Src/stm32l4xx_hal_pwr_ex.c.obj
 .debug_aranges
                0x000009c0      0x128 cmake/stm32cubemx/CMakeFiles/STM32_Drivers.dir/__/__/Drivers/STM32L4xx_HAL_Driver/Src/stm32l4xx_hal_cortex.c.obj
 .debug_aranges
                0x00000ae8      0x228 cmake/stm32cubemx/CMakeFiles/STM32_Drivers.dir/__/__/Drivers/STM32L4xx_HAL_Driver/Src/stm32l4xx_hal_uart.c.obj
 .debug_aranges
                0x00000d10       0x40 cmake/stm32cubemx/CMakeFiles/FreeRTOS.dir/__/__/Middlewares/Third_Party/FreeRTOS/Source/list.c.obj
 .debug_aranges
                0x00000d50      0x158 cmake/stm32cubemx/CMakeFiles/FreeRTOS.dir/__/__/Middlewares/Third_Party/FreeRTOS/Source/queue.c.obj
 .debug_aranges
                0x00000ea8      0x208 cmake/stm32cubemx/CMakeFiles/FreeRTOS.dir/__/__/Middlewares/Third_Party/FreeRTOS/Source/tasks.c.obj
 .debug_aranges
                0x000010b0       0xf0 cmake/stm32cubemx/CMakeFiles/FreeRTOS.dir/__/__/Middlewares/Third_Party/FreeRTOS/Source/timers.c.obj
 .debug_aranges
                0x000011a0      0x2b0 cmake/stm32cubemx/CMakeFiles/FreeRTOS.dir/__/__/Middlewares/Third_Party/FreeRTOS/Source/CMSIS_RTOS_V2/cmsis_os2.c.obj
 .debug_aranges
                0x00001450       0x58 cmake/stm32cubemx/CMakeFiles/FreeRTOS.dir/__/__/Middlewares/Third_Party/FreeRTOS/Source/portable/MemMang/heap_4.c.obj
 .debug_aranges
                0x000014a8       0x80 cmake/stm32cubemx/CMakeFiles/FreeRTOS.dir/__/__/Middlewares/Third_Party/FreeRTOS/Source/portable/GCC/ARM_CM4F/port.c.obj
 .debug_aranges
                0x00001528       0x58 CMakeFiles/blinky.dir/Core/Src/main.cpp.obj
 .debug_aranges
                0x00001580       0x50 CMakeFiles/blinky.dir/Core/Src/stm32l4xx_it.c.obj
 .debug_aranges
                0x000015d0       0x30 CMakeFiles/blinky.dir/Core/Src/stm32l4xx_hal_msp.c.obj
 .debug_aranges
                0x00001600       0x30 CMakeFiles/blinky.dir/Core/Src/stm32l4xx_hal_timebase_tim.c.obj
 .debug_aranges
                0x00001630       0x28 CMakeFiles/blinky.dir/startup_stm32l476xx.s.obj
 .debug_aranges
                0x00001658       0x20 C:/ST/STM32CubeCLT_1.18.0/GNU-tools-for-STM32/bin/../lib/gcc/arm-none-eabi/13.3.1/../../../../arm-none-eabi/lib/thumb/v7e-m+fp/hard\libg_nano.a(libc_a-memset.o)
 .debug_aranges
                0x00001678       0x20 C:/ST/STM32CubeCLT_1.18.0/GNU-tools-for-STM32/bin/../lib/gcc/arm-none-eabi/13.3.1/../../../../arm-none-eabi/lib/thumb/v7e-m+fp/hard\libg_nano.a(libc_a-init.o)
 .debug_aranges
                0x00001698       0x20 C:/ST/STM32CubeCLT_1.18.0/GNU-tools-for-STM32/bin/../lib/gcc/arm-none-eabi/13.3.1/../../../../arm-none-eabi/lib/thumb/v7e-m+fp/hard\libg_nano.a(libc_a-memcpy-stub.o)

.debug_rnglists
                0x00000000     0x119f
 .debug_rnglists
                0x00000000       0x1a cmake/stm32cubemx/CMakeFiles/STM32_Drivers.dir/__/__/Core/Src/system_stm32l4xx.c.obj
 .debug_rnglists
                0x0000001a      0x328 cmake/stm32cubemx/CMakeFiles/STM32_Drivers.dir/__/__/Drivers/STM32L4xx_HAL_Driver/Src/stm32l4xx_hal_tim.c.obj
 .debug_rnglists
                0x00000342      0x139 cmake/stm32cubemx/CMakeFiles/STM32_Drivers.dir/__/__/Drivers/STM32L4xx_HAL_Driver/Src/stm32l4xx_hal_tim_ex.c.obj
 .debug_rnglists
                0x0000047b       0xdf cmake/stm32cubemx/CMakeFiles/STM32_Drivers.dir/__/__/Drivers/STM32L4xx_HAL_Driver/Src/stm32l4xx_hal.c.obj
 .debug_rnglists
                0x0000055a       0x6d cmake/stm32cubemx/CMakeFiles/STM32_Drivers.dir/__/__/Drivers/STM32L4xx_HAL_Driver/Src/stm32l4xx_hal_rcc.c.obj
 .debug_rnglists
                0x000005c7       0x95 cmake/stm32cubemx/CMakeFiles/STM32_Drivers.dir/__/__/Drivers/STM32L4xx_HAL_Driver/Src/stm32l4xx_hal_rcc_ex.c.obj
 .debug_rnglists
                0x0000065c       0x3f cmake/stm32cubemx/CMakeFiles/STM32_Drivers.dir/__/__/Drivers/STM32L4xx_HAL_Driver/Src/stm32l4xx_hal_gpio.c.obj
 .debug_rnglists
                0x0000069b      0x109 cmake/stm32cubemx/CMakeFiles/STM32_Drivers.dir/__/__/Drivers/STM32L4xx_HAL_Driver/Src/stm32l4xx_hal_pwr_ex.c.obj
 .debug_rnglists
                0x000007a4       0xda cmake/stm32cubemx/CMakeFiles/STM32_Drivers.dir/__/__/Drivers/STM32L4xx_HAL_Driver/Src/stm32l4xx_hal_cortex.c.obj
 .debug_rnglists
                0x0000087e      0x1db cmake/stm32cubemx/CMakeFiles/STM32_Drivers.dir/__/__/Drivers/STM32L4xx_HAL_Driver/Src/stm32l4xx_hal_uart.c.obj
 .debug_rnglists
                0x00000a59       0x2b cmake/stm32cubemx/CMakeFiles/FreeRTOS.dir/__/__/Middlewares/Third_Party/FreeRTOS/Source/list.c.obj
 .debug_rnglists
                0x00000a84      0x109 cmake/stm32cubemx/CMakeFiles/FreeRTOS.dir/__/__/Middlewares/Third_Party/FreeRTOS/Source/queue.c.obj
 .debug_rnglists
                0x00000b8d      0x1a0 cmake/stm32cubemx/CMakeFiles/FreeRTOS.dir/__/__/Middlewares/Third_Party/FreeRTOS/Source/tasks.c.obj
 .debug_rnglists
                0x00000d2d       0xb8 cmake/stm32cubemx/CMakeFiles/FreeRTOS.dir/__/__/Middlewares/Third_Party/FreeRTOS/Source/timers.c.obj
 .debug_rnglists
                0x00000de5      0x212 cmake/stm32cubemx/CMakeFiles/FreeRTOS.dir/__/__/Middlewares/Third_Party/FreeRTOS/Source/CMSIS_RTOS_V2/cmsis_os2.c.obj
 .debug_rnglists
                0x00000ff7       0x42 cmake/stm32cubemx/CMakeFiles/FreeRTOS.dir/__/__/Middlewares/Third_Party/FreeRTOS/Source/portable/MemMang/heap_4.c.obj
 .debug_rnglists
                0x00001039       0x5d cmake/stm32cubemx/CMakeFiles/FreeRTOS.dir/__/__/Middlewares/Third_Party/FreeRTOS/Source/portable/GCC/ARM_CM4F/port.c.obj
 .debug_rnglists
                0x00001096       0x40 CMakeFiles/blinky.dir/Core/Src/main.cpp.obj
 .debug_rnglists
                0x000010d6       0x37 CMakeFiles/blinky.dir/Core/Src/stm32l4xx_it.c.obj
 .debug_rnglists
                0x0000110d       0x20 CMakeFiles/blinky.dir/Core/Src/stm32l4xx_hal_msp.c.obj
 .debug_rnglists
                0x0000112d       0x20 CMakeFiles/blinky.dir/Core/Src/stm32l4xx_hal_timebase_tim.c.obj
 .debug_rnglists
                0x0000114d       0x19 CMakeFiles/blinky.dir/startup_stm32l476xx.s.obj
 .debug_rnglists
                0x00001166       0x13 C:/ST/STM32CubeCLT_1.18.0/GNU-tools-for-STM32/bin/../lib/gcc/arm-none-eabi/13.3.1/../../../../arm-none-eabi/lib/thumb/v7e-m+fp/hard\libg_nano.a(libc_a-memset.o)
 .debug_rnglists
                0x00001179       0x13 C:/ST/STM32CubeCLT_1.18.0/GNU-tools-for-STM32/bin/../lib/gcc/arm-none-eabi/13.3.1/../../../../arm-none-eabi/lib/thumb/v7e-m+fp/hard\libg_nano.a(libc_a-init.o)
 .debug_rnglists
                0x0000118c       0x13 C:/ST/STM32CubeCLT_1.18.0/GNU-tools-for-STM32/bin/../lib/gcc/arm-none-eabi/13.3.1/../../../../arm-none-eabi/lib/thumb/v7e-m+fp/hard\libg_nano.a(libc_a-memcpy-stub.o)

.debug_macro    0x00000000    0x29062
 .debug_macro   0x00000000      0x1c0 cmake/stm32cubemx/CMakeFiles/STM32_Drivers.dir/__/__/Core/Src/system_stm32l4xx.c.obj
 .debug_macro   0x000001c0      0xad8 cmake/stm32cubemx/CMakeFiles/STM32_Drivers.dir/__/__/Core/Src/system_stm32l4xx.c.obj
 .debug_macro   0x00000c98       0x2e cmake/stm32cubemx/CMakeFiles/STM32_Drivers.dir/__/__/Core/Src/system_stm32l4xx.c.obj
 .debug_macro   0x00000cc6       0x28 cmake/stm32cubemx/CMakeFiles/STM32_Drivers.dir/__/__/Core/Src/system_stm32l4xx.c.obj
 .debug_macro   0x00000cee       0x22 cmake/stm32cubemx/CMakeFiles/STM32_Drivers.dir/__/__/Core/Src/system_stm32l4xx.c.obj
 .debug_macro   0x00000d10       0x8e cmake/stm32cubemx/CMakeFiles/STM32_Drivers.dir/__/__/Core/Src/system_stm32l4xx.c.obj
 .debug_macro   0x00000d9e       0x51 cmake/stm32cubemx/CMakeFiles/STM32_Drivers.dir/__/__/Core/Src/system_stm32l4xx.c.obj
 .debug_macro   0x00000def      0x103 cmake/stm32cubemx/CMakeFiles/STM32_Drivers.dir/__/__/Core/Src/system_stm32l4xx.c.obj
 .debug_macro   0x00000ef2       0x6a cmake/stm32cubemx/CMakeFiles/STM32_Drivers.dir/__/__/Core/Src/system_stm32l4xx.c.obj
 .debug_macro   0x00000f5c      0x1df cmake/stm32cubemx/CMakeFiles/STM32_Drivers.dir/__/__/Core/Src/system_stm32l4xx.c.obj
 .debug_macro   0x0000113b       0x1c cmake/stm32cubemx/CMakeFiles/STM32_Drivers.dir/__/__/Core/Src/system_stm32l4xx.c.obj
 .debug_macro   0x00001157       0x22 cmake/stm32cubemx/CMakeFiles/STM32_Drivers.dir/__/__/Core/Src/system_stm32l4xx.c.obj
 .debug_macro   0x00001179       0xfb cmake/stm32cubemx/CMakeFiles/STM32_Drivers.dir/__/__/Core/Src/system_stm32l4xx.c.obj
 .debug_macro   0x00001274     0x1011 cmake/stm32cubemx/CMakeFiles/STM32_Drivers.dir/__/__/Core/Src/system_stm32l4xx.c.obj
 .debug_macro   0x00002285      0x11f cmake/stm32cubemx/CMakeFiles/STM32_Drivers.dir/__/__/Core/Src/system_stm32l4xx.c.obj
 .debug_macro   0x000023a4    0x1a17a cmake/stm32cubemx/CMakeFiles/STM32_Drivers.dir/__/__/Core/Src/system_stm32l4xx.c.obj
 .debug_macro   0x0001c51e       0x6d cmake/stm32cubemx/CMakeFiles/STM32_Drivers.dir/__/__/Core/Src/system_stm32l4xx.c.obj
 .debug_macro   0x0001c58b      0x1a7 cmake/stm32cubemx/CMakeFiles/STM32_Drivers.dir/__/__/Core/Src/system_stm32l4xx.c.obj
 .debug_macro   0x0001c732     0x38fb cmake/stm32cubemx/CMakeFiles/STM32_Drivers.dir/__/__/Core/Src/system_stm32l4xx.c.obj
 .debug_macro   0x0002002d      0x190 cmake/stm32cubemx/CMakeFiles/STM32_Drivers.dir/__/__/Core/Src/system_stm32l4xx.c.obj
 .debug_macro   0x000201bd       0x5c cmake/stm32cubemx/CMakeFiles/STM32_Drivers.dir/__/__/Core/Src/system_stm32l4xx.c.obj
 .debug_macro   0x00020219     0x159e cmake/stm32cubemx/CMakeFiles/STM32_Drivers.dir/__/__/Core/Src/system_stm32l4xx.c.obj
 .debug_macro   0x000217b7      0x5a5 cmake/stm32cubemx/CMakeFiles/STM32_Drivers.dir/__/__/Core/Src/system_stm32l4xx.c.obj
 .debug_macro   0x00021d5c      0x1b9 cmake/stm32cubemx/CMakeFiles/STM32_Drivers.dir/__/__/Core/Src/system_stm32l4xx.c.obj
 .debug_macro   0x00021f15      0x18b cmake/stm32cubemx/CMakeFiles/STM32_Drivers.dir/__/__/Core/Src/system_stm32l4xx.c.obj
 .debug_macro   0x000220a0      0x26b cmake/stm32cubemx/CMakeFiles/STM32_Drivers.dir/__/__/Core/Src/system_stm32l4xx.c.obj
 .debug_macro   0x0002230b      0x23d cmake/stm32cubemx/CMakeFiles/STM32_Drivers.dir/__/__/Core/Src/system_stm32l4xx.c.obj
 .debug_macro   0x00022548      0x241 cmake/stm32cubemx/CMakeFiles/STM32_Drivers.dir/__/__/Core/Src/system_stm32l4xx.c.obj
 .debug_macro   0x00022789      0x37c cmake/stm32cubemx/CMakeFiles/STM32_Drivers.dir/__/__/Core/Src/system_stm32l4xx.c.obj
 .debug_macro   0x00022b05       0xd6 cmake/stm32cubemx/CMakeFiles/STM32_Drivers.dir/__/__/Core/Src/system_stm32l4xx.c.obj
 .debug_macro   0x00022bdb      0x122 cmake/stm32cubemx/CMakeFiles/STM32_Drivers.dir/__/__/Core/Src/system_stm32l4xx.c.obj
 .debug_macro   0x00022cfd      0x3ef cmake/stm32cubemx/CMakeFiles/STM32_Drivers.dir/__/__/Core/Src/system_stm32l4xx.c.obj
 .debug_macro   0x000230ec      0xa98 cmake/stm32cubemx/CMakeFiles/STM32_Drivers.dir/__/__/Core/Src/system_stm32l4xx.c.obj
 .debug_macro   0x00023b84      0x1e6 cmake/stm32cubemx/CMakeFiles/STM32_Drivers.dir/__/__/Core/Src/system_stm32l4xx.c.obj
 .debug_macro   0x00023d6a      0x5cf cmake/stm32cubemx/CMakeFiles/STM32_Drivers.dir/__/__/Core/Src/system_stm32l4xx.c.obj
 .debug_macro   0x00024339       0x44 cmake/stm32cubemx/CMakeFiles/STM32_Drivers.dir/__/__/Core/Src/system_stm32l4xx.c.obj
 .debug_macro   0x0002437d      0x330 cmake/stm32cubemx/CMakeFiles/STM32_Drivers.dir/__/__/Core/Src/system_stm32l4xx.c.obj
 .debug_macro   0x000246ad      0x1c1 cmake/stm32cubemx/CMakeFiles/STM32_Drivers.dir/__/__/Drivers/STM32L4xx_HAL_Driver/Src/stm32l4xx_hal_tim.c.obj
 .debug_macro   0x0002486e      0x1c0 cmake/stm32cubemx/CMakeFiles/STM32_Drivers.dir/__/__/Drivers/STM32L4xx_HAL_Driver/Src/stm32l4xx_hal_tim_ex.c.obj
 .debug_macro   0x00024a2e      0x20e cmake/stm32cubemx/CMakeFiles/STM32_Drivers.dir/__/__/Drivers/STM32L4xx_HAL_Driver/Src/stm32l4xx_hal.c.obj
 .debug_macro   0x00024c3c      0x202 cmake/stm32cubemx/CMakeFiles/STM32_Drivers.dir/__/__/Drivers/STM32L4xx_HAL_Driver/Src/stm32l4xx_hal_rcc.c.obj
 .debug_macro   0x00024e3e      0x1f6 cmake/stm32cubemx/CMakeFiles/STM32_Drivers.dir/__/__/Drivers/STM32L4xx_HAL_Driver/Src/stm32l4xx_hal_rcc_ex.c.obj
 .debug_macro   0x00025034      0x1c7 cmake/stm32cubemx/CMakeFiles/STM32_Drivers.dir/__/__/Drivers/STM32L4xx_HAL_Driver/Src/stm32l4xx_hal_gpio.c.obj
 .debug_macro   0x000251fb      0x1e4 cmake/stm32cubemx/CMakeFiles/STM32_Drivers.dir/__/__/Drivers/STM32L4xx_HAL_Driver/Src/stm32l4xx_hal_pwr_ex.c.obj
 .debug_macro   0x000253df      0x1c0 cmake/stm32cubemx/CMakeFiles/STM32_Drivers.dir/__/__/Drivers/STM32L4xx_HAL_Driver/Src/stm32l4xx_hal_cortex.c.obj
 .debug_macro   0x0002559f      0x1eb cmake/stm32cubemx/CMakeFiles/STM32_Drivers.dir/__/__/Drivers/STM32L4xx_HAL_Driver/Src/stm32l4xx_hal_uart.c.obj
 .debug_macro   0x0002578a      0x178 cmake/stm32cubemx/CMakeFiles/FreeRTOS.dir/__/__/Middlewares/Third_Party/FreeRTOS/Source/list.c.obj
 .debug_macro   0x00025902      0x207 cmake/stm32cubemx/CMakeFiles/FreeRTOS.dir/__/__/Middlewares/Third_Party/FreeRTOS/Source/queue.c.obj
 .debug_macro   0x00025b09       0x16 cmake/stm32cubemx/CMakeFiles/FreeRTOS.dir/__/__/Middlewares/Third_Party/FreeRTOS/Source/queue.c.obj
 .debug_macro   0x00025b1f       0x3c cmake/stm32cubemx/CMakeFiles/FreeRTOS.dir/__/__/Middlewares/Third_Party/FreeRTOS/Source/queue.c.obj
 .debug_macro   0x00025b5b       0x20 cmake/stm32cubemx/CMakeFiles/FreeRTOS.dir/__/__/Middlewares/Third_Party/FreeRTOS/Source/queue.c.obj
 .debug_macro   0x00025b7b       0x87 cmake/stm32cubemx/CMakeFiles/FreeRTOS.dir/__/__/Middlewares/Third_Party/FreeRTOS/Source/queue.c.obj
 .debug_macro   0x00025c02      0x270 cmake/stm32cubemx/CMakeFiles/FreeRTOS.dir/__/__/Middlewares/Third_Party/FreeRTOS/Source/tasks.c.obj
 .debug_macro   0x00025e72       0x10 cmake/stm32cubemx/CMakeFiles/FreeRTOS.dir/__/__/Middlewares/Third_Party/FreeRTOS/Source/tasks.c.obj
 .debug_macro   0x00025e82      0x1cd cmake/stm32cubemx/CMakeFiles/FreeRTOS.dir/__/__/Middlewares/Third_Party/FreeRTOS/Source/timers.c.obj
 .debug_macro   0x0002604f       0x97 cmake/stm32cubemx/CMakeFiles/FreeRTOS.dir/__/__/Middlewares/Third_Party/FreeRTOS/Source/timers.c.obj
 .debug_macro   0x000260e6      0x3a8 cmake/stm32cubemx/CMakeFiles/FreeRTOS.dir/__/__/Middlewares/Third_Party/FreeRTOS/Source/CMSIS_RTOS_V2/cmsis_os2.c.obj
 .debug_macro   0x0002648e       0x10 cmake/stm32cubemx/CMakeFiles/FreeRTOS.dir/__/__/Middlewares/Third_Party/FreeRTOS/Source/CMSIS_RTOS_V2/cmsis_os2.c.obj
 .debug_macro   0x0002649e       0x74 cmake/stm32cubemx/CMakeFiles/FreeRTOS.dir/__/__/Middlewares/Third_Party/FreeRTOS/Source/CMSIS_RTOS_V2/cmsis_os2.c.obj
 .debug_macro   0x00026512       0xf5 cmake/stm32cubemx/CMakeFiles/FreeRTOS.dir/__/__/Middlewares/Third_Party/FreeRTOS/Source/CMSIS_RTOS_V2/cmsis_os2.c.obj